Archive member included to satisfy reference by file (symbol)

/usr/lib/gcc/arm-none-eabi/14.2.0/thumb/v6-m/nofp/libgcc.a(_dvmd_tls.o)
                              CMakeFiles/SwitchTimer.dir/home/jj/pico-sdk/src/rp2_common/pico_divider/divider_hardware.S.o (__aeabi_idiv0)
/usr/lib/gcc/arm-none-eabi/14.2.0/../../../../arm-none-eabi/lib/thumb/v6-m/nofp/libg.a(libc_a-atexit.o)
                              /usr/lib/gcc/arm-none-eabi/14.2.0/../../../../arm-none-eabi/lib/thumb/v6-m/nofp/crt0.o (atexit)
/usr/lib/gcc/arm-none-eabi/14.2.0/../../../../arm-none-eabi/lib/thumb/v6-m/nofp/libg.a(libc_a-calloc.o)
                              CMakeFiles/SwitchTimer.dir/home/jj/pico-sdk/src/rp2_common/pico_malloc/malloc.c.o (calloc)
/usr/lib/gcc/arm-none-eabi/14.2.0/../../../../arm-none-eabi/lib/thumb/v6-m/nofp/libg.a(libc_a-callocr.o)
                              /usr/lib/gcc/arm-none-eabi/14.2.0/../../../../arm-none-eabi/lib/thumb/v6-m/nofp/libg.a(libc_a-calloc.o) (_calloc_r)
/usr/lib/gcc/arm-none-eabi/14.2.0/../../../../arm-none-eabi/lib/thumb/v6-m/nofp/libg.a(libc_a-malloc.o)
                              CMakeFiles/SwitchTimer.dir/home/jj/pico-sdk/src/rp2_common/pico_malloc/malloc.c.o (malloc)
/usr/lib/gcc/arm-none-eabi/14.2.0/../../../../arm-none-eabi/lib/thumb/v6-m/nofp/libg.a(libc_a-mallocr.o)
                              /usr/lib/gcc/arm-none-eabi/14.2.0/../../../../arm-none-eabi/lib/thumb/v6-m/nofp/libg.a(libc_a-callocr.o) (_malloc_r)
/usr/lib/gcc/arm-none-eabi/14.2.0/../../../../arm-none-eabi/lib/thumb/v6-m/nofp/libg.a(libc_a-mlock.o)
                              /usr/lib/gcc/arm-none-eabi/14.2.0/../../../../arm-none-eabi/lib/thumb/v6-m/nofp/libg.a(libc_a-mallocr.o) (__malloc_lock)
/usr/lib/gcc/arm-none-eabi/14.2.0/../../../../arm-none-eabi/lib/thumb/v6-m/nofp/libg.a(libc_a-realloc.o)
                              CMakeFiles/SwitchTimer.dir/home/jj/pico-sdk/src/rp2_common/pico_malloc/malloc.c.o (realloc)
/usr/lib/gcc/arm-none-eabi/14.2.0/../../../../arm-none-eabi/lib/thumb/v6-m/nofp/libg.a(libc_a-reallocr.o)
                              /usr/lib/gcc/arm-none-eabi/14.2.0/../../../../arm-none-eabi/lib/thumb/v6-m/nofp/libg.a(libc_a-realloc.o) (_realloc_r)
/usr/lib/gcc/arm-none-eabi/14.2.0/../../../../arm-none-eabi/lib/thumb/v6-m/nofp/libg.a(libc_a-memcmp.o)
                              CMakeFiles/SwitchTimer.dir/home/jj/pico-sdk/src/rp2_common/pico_atomic/atomic.c.o (memcmp)
/usr/lib/gcc/arm-none-eabi/14.2.0/../../../../arm-none-eabi/lib/thumb/v6-m/nofp/libg.a(libc_a-memmove.o)
                              /usr/lib/gcc/arm-none-eabi/14.2.0/../../../../arm-none-eabi/lib/thumb/v6-m/nofp/libg.a(libc_a-reallocr.o) (memmove)
/usr/lib/gcc/arm-none-eabi/14.2.0/../../../../arm-none-eabi/lib/thumb/v6-m/nofp/libg.a(libc_a-lcltime_r.o)
                              CMakeFiles/SwitchTimer.dir/home/jj/pico-sdk/src/common/pico_util/datetime.c.o (localtime_r)
/usr/lib/gcc/arm-none-eabi/14.2.0/../../../../arm-none-eabi/lib/thumb/v6-m/nofp/libg.a(libc_a-mktime.o)
                              CMakeFiles/SwitchTimer.dir/home/jj/pico-sdk/src/common/pico_util/datetime.c.o (mktime)
/usr/lib/gcc/arm-none-eabi/14.2.0/../../../../arm-none-eabi/lib/thumb/v6-m/nofp/libg.a(libc_a-month_lengths.o)
                              /usr/lib/gcc/arm-none-eabi/14.2.0/../../../../arm-none-eabi/lib/thumb/v6-m/nofp/libg.a(libc_a-lcltime_r.o) (__month_lengths)
/usr/lib/gcc/arm-none-eabi/14.2.0/../../../../arm-none-eabi/lib/thumb/v6-m/nofp/libg.a(libc_a-tzcalc_limits.o)
                              /usr/lib/gcc/arm-none-eabi/14.2.0/../../../../arm-none-eabi/lib/thumb/v6-m/nofp/libg.a(libc_a-lcltime_r.o) (__tzcalc_limits)
/usr/lib/gcc/arm-none-eabi/14.2.0/../../../../arm-none-eabi/lib/thumb/v6-m/nofp/libg.a(libc_a-tzlock.o)
                              /usr/lib/gcc/arm-none-eabi/14.2.0/../../../../arm-none-eabi/lib/thumb/v6-m/nofp/libg.a(libc_a-lcltime_r.o) (__tz_lock)
/usr/lib/gcc/arm-none-eabi/14.2.0/../../../../arm-none-eabi/lib/thumb/v6-m/nofp/libg.a(libc_a-tzset.o)
                              /usr/lib/gcc/arm-none-eabi/14.2.0/../../../../arm-none-eabi/lib/thumb/v6-m/nofp/libg.a(libc_a-lcltime_r.o) (_tzset_unlocked)
/usr/lib/gcc/arm-none-eabi/14.2.0/../../../../arm-none-eabi/lib/thumb/v6-m/nofp/libg.a(libc_a-tzset_r.o)
                              /usr/lib/gcc/arm-none-eabi/14.2.0/../../../../arm-none-eabi/lib/thumb/v6-m/nofp/libg.a(libc_a-tzset.o) (_tzset_unlocked_r)
/usr/lib/gcc/arm-none-eabi/14.2.0/../../../../arm-none-eabi/lib/thumb/v6-m/nofp/libg.a(libc_a-tzvars.o)
                              /usr/lib/gcc/arm-none-eabi/14.2.0/../../../../arm-none-eabi/lib/thumb/v6-m/nofp/libg.a(libc_a-tzset_r.o) (_timezone)
/usr/lib/gcc/arm-none-eabi/14.2.0/../../../../arm-none-eabi/lib/thumb/v6-m/nofp/libg.a(libc_a-impure.o)
                              /usr/lib/gcc/arm-none-eabi/14.2.0/../../../../arm-none-eabi/lib/thumb/v6-m/nofp/libg.a(libc_a-calloc.o) (_impure_ptr)
[...]
Memory Configuration

Name             Origin             Length             Attributes
FLASH            0x10000000         0x00200000         xr
RAM              0x20000000         0x00040000         xrw
SCRATCH_X        0x20040000         0x00001000         xrw
SCRATCH_Y        0x20041000         0x00001000         xrw
*default*        0x00000000         0xffffffff

Linker script and memory map

LOAD /usr/lib/gcc/arm-none-eabi/14.2.0/thumb/v6-m/nofp/crti.o
LOAD /usr/lib/gcc/arm-none-eabi/14.2.0/thumb/v6-m/nofp/crtbegin.o
LOAD /usr/lib/gcc/arm-none-eabi/14.2.0/../../../../arm-none-eabi/lib/thumb/v6-m/nofp/crt0.o

.flash_begin    0x10000000        0x0
                0x10000000                        __flash_binary_start = .

.boot2          0x10000000      0x100
                0x10000000                        __boot2_start__ = .
 *(.boot2)
 .boot2         0x10000000      0x100 pico-sdk/src/rp2040/boot_stage2/CMakeFiles/bs2_default_library.dir/bs2_default_padded_checksummed.S.o
                0x10000100                        __boot2_end__ = .
                0x00000001                        ASSERT (((__boot2_end__ - __boot2_start__) == 0x100), ERROR: Pico second stage bootloader must be 256 bytes in size)

.text           0x10000100     0x7d90
                0x10000100                        __logical_binary_start = .
 *(.vectors)
 .vectors       0x10000100       0xd4 CMakeFiles/SwitchTimer.dir/home/jj/pico-sdk/src/rp2_common/pico_crt0/crt0.S.o
                0x10000100                __vectors
                0x10000100                __VECTOR_TABLE
                0x100001c0                isr_invalid
                0x100001c0                __default_isrs_start
                0x100001c2                isr_nmi
                0x100001c4                isr_hardfault
                0x100001c6                isr_svcall
                0x100001c8                isr_pendsv
                0x100001ca                isr_systick
                0x100001cc                isr_irq30
                0x100001cc                __unhandled_user_irq
                0x100001cc                isr_irq13
                0x100001cc                isr_irq27
                0x100001cc                isr_irq31
                0x100001cc                isr_irq5
                0x100001cc                isr_irq11
                0x100001cc                isr_irq23
                0x100001cc                isr_irq18
                0x100001cc                isr_irq28
                0x100001cc                isr_irq19
                0x100001cc                isr_irq0
                0x100001cc                isr_irq6
                0x100001cc                isr_irq22
                0x100001cc                isr_irq17
                0x100001cc                isr_irq14
                0x100001cc                isr_irq2
                0x100001cc                isr_irq10
                0x100001cc                isr_irq8
                0x100001cc                isr_irq24
                0x100001cc                isr_irq1
                0x100001cc                isr_irq7
                0x100001cc                isr_irq21
                0x100001cc                isr_irq20
                0x100001cc                isr_irq15
                0x100001cc                isr_irq25
                0x100001cc                isr_irq4
                0x100001cc                isr_irq16
                0x100001cc                isr_irq29
                0x100001cc                isr_irq26
                0x100001cc                __default_isrs_end
                0x100001cc                isr_irq3
                0x100001cc                isr_irq12
                0x100001cc                isr_irq9
                0x100001d2                unhandled_user_irq_num_in_r0
 *(.binary_info_header)
 .binary_info_header
                0x100001d4       0x14 CMakeFiles/SwitchTimer.dir/home/jj/pico-sdk/src/rp2_common/pico_crt0/crt0.S.o
                0x100001e8                        __binary_info_header_end = .
 *(.embedded_block)
                0x100001e8                        __embedded_block_end = .
 *(.reset)
 .reset         0x100001e8       0x9c CMakeFiles/SwitchTimer.dir/home/jj/pico-sdk/src/rp2_common/pico_crt0/crt0.S.o
                0x100001e8                _entry_point
 *(.init)
 .init          0x10000284        0x4 /usr/lib/gcc/arm-none-eabi/14.2.0/thumb/v6-m/nofp/crti.o
                0x10000284                _init
 *(EXCLUDE_FILE(*libm.a: *libc.a:*lib_a-mem*.o *libgcc.a:) .text*)
 .text.frame_dummy
                0x10000288       0x20 /usr/lib/gcc/arm-none-eabi/14.2.0/thumb/v6-m/nofp/crtbegin.o
 .text._Z16encoder_callbackjm
                0x100002a8      0x2ac CMakeFiles/SwitchTimer.dir/src/main.cpp.o
                0x100002a8                encoder_callback(unsigned int, unsigned long)
 .text._Z13lcd_send_bytehi.constprop.0
                0x10000554       0xf8 CMakeFiles/SwitchTimer.dir/src/main.cpp.o
 .text._Z8lcd_initv
                0x1000064c       0xf8 CMakeFiles/SwitchTimer.dir/src/main.cpp.o
                0x1000064c                lcd_init()
 .text.startup.main
                0x10000744      0x6b4 CMakeFiles/SwitchTimer.dir/src/main.cpp.o
                0x10000744                main
 .text.gpio_default_irq_handler
                0x10000df8      0x2c8 CMakeFiles/SwitchTimer.dir/home/jj/pico-sdk/src/rp2_common/hardware_gpio/gpio.c.o
 .text.gpio_set_function
                0x100010c0       0x34 CMakeFiles/SwitchTimer.dir/home/jj/pico-sdk/src/rp2_common/hardware_gpio/gpio.c.o
                0x100010c0                gpio_set_function
 .text.gpio_set_pulls
                0x100010f4       0x28 CMakeFiles/SwitchTimer.dir/home/jj/pico-sdk/src/rp2_common/hardware_gpio/gpio.c.o
                0x100010f4                gpio_set_pulls
 .text.gpio_set_irq_enabled_with_callback
                0x1000111c       0xd0 CMakeFiles/SwitchTimer.dir/home/jj/pico-sdk/src/rp2_common/hardware_gpio/gpio.c.o
                0x1000111c                gpio_set_irq_enabled_with_callback
 .text.gpio_init
                0x100011ec       0x40 CMakeFiles/SwitchTimer.dir/home/jj/pico-sdk/src/rp2_common/hardware_gpio/gpio.c.o
                0x100011ec                gpio_init
 .text.rp2040_chip_version
                0x1000122c        0xc CMakeFiles/SwitchTimer.dir/home/jj/pico-sdk/src/rp2040/pico_platform/platform.c.o
                0x1000122c                rp2040_chip_version
 .text.panic    0x10001238       0x30 CMakeFiles/SwitchTimer.dir/home/jj/pico-sdk/src/rp2_common/pico_platform_panic/panic.c.o
                0x10001238                panic
 .text.hw_claim_or_assert
                0x10001268       0x44 CMakeFiles/SwitchTimer.dir/home/jj/pico-sdk/src/common/hardware_claim/claim.c.o
                0x10001268                hw_claim_or_assert
 .text.hw_claim_unused_from_range
                0x100012ac       0x88 CMakeFiles/SwitchTimer.dir/home/jj/pico-sdk/src/common/hardware_claim/claim.c.o
                0x100012ac                hw_claim_unused_from_range
 .text.next_striped_spin_lock_num
                0x10001334       0x18 CMakeFiles/SwitchTimer.dir/home/jj/pico-sdk/src/rp2_common/hardware_sync/sync.c.o
                0x10001334                next_striped_spin_lock_num
 .text.spin_lock_claim_unused
                0x1000134c       0x24 CMakeFiles/SwitchTimer.dir/home/jj/pico-sdk/src/rp2_common/hardware_sync/sync.c.o
                0x1000134c                spin_lock_claim_unused
 .text.spin_locks_reset
                0x10001370       0x1c CMakeFiles/SwitchTimer.dir/home/jj/pico-sdk/src/rp2_common/hardware_sync_spin_lock/sync_spin_lock.c.o
                0x10001370                spin_locks_reset
 .text.runtime_init_per_core_irq_priorities
                0x1000138c       0x24 CMakeFiles/SwitchTimer.dir/home/jj/pico-sdk/src/rp2_common/hardware_irq/irq.c.o
                0x1000138c                runtime_init_per_core_irq_priorities
 .text.irq_set_enabled
                0x100013b0       0x24 CMakeFiles/SwitchTimer.dir/home/jj/pico-sdk/src/rp2_common/hardware_irq/irq.c.o
                0x100013b0                irq_set_enabled
 .text.irq_is_enabled
                0x100013d4       0x18 CMakeFiles/SwitchTimer.dir/home/jj/pico-sdk/src/rp2_common/hardware_irq/irq.c.o
                0x100013d4                irq_is_enabled
 .text.irq_set_pending
                0x100013ec       0x10 CMakeFiles/SwitchTimer.dir/home/jj/pico-sdk/src/rp2_common/hardware_irq/irq.c.o
                0x100013ec                irq_set_pending
 .text.irq_has_shared_handler
                0x100013fc       0x2c CMakeFiles/SwitchTimer.dir/home/jj/pico-sdk/src/rp2_common/hardware_irq/irq.c.o
                0x100013fc                irq_has_shared_handler
 .text.irq_set_exclusive_handler
                0x10001428       0x54 CMakeFiles/SwitchTimer.dir/home/jj/pico-sdk/src/rp2_common/hardware_irq/irq.c.o
                0x10001428                irq_set_exclusive_handler
 .text.irq_add_shared_handler
                0x1000147c      0x1f4 CMakeFiles/SwitchTimer.dir/home/jj/pico-sdk/src/rp2_common/hardware_irq/irq.c.o
                0x1000147c                irq_add_shared_handler
 .text.irq_remove_handler
                0x10001670      0x1d4 CMakeFiles/SwitchTimer.dir/home/jj/pico-sdk/src/rp2_common/hardware_irq/irq.c.o
                0x10001670                irq_remove_handler
 .text.irq_add_tail_to_free_list
                0x10001844       0xb4 CMakeFiles/SwitchTimer.dir/home/jj/pico-sdk/src/rp2_common/hardware_irq/irq.c.o
                0x10001844                irq_add_tail_to_free_list
 .text.user_irq_claim_unused
                0x100018f8       0x2c CMakeFiles/SwitchTimer.dir/home/jj/pico-sdk/src/rp2_common/hardware_irq/irq.c.o
                0x100018f8                user_irq_claim_unused
 .text.lock_init
                0x10001924       0x10 CMakeFiles/SwitchTimer.dir/home/jj/pico-sdk/src/common/pico_sync/lock_core.c.o
                0x10001924                lock_init
 .text.runtime_init_mutex
                0x10001934       0x50 CMakeFiles/SwitchTimer.dir/home/jj/pico-sdk/src/common/pico_sync/mutex.c.o
                0x10001934                runtime_init_mutex
 .text.mutex_init
                0x10001984       0x1c CMakeFiles/SwitchTimer.dir/home/jj/pico-sdk/src/common/pico_sync/mutex.c.o
                0x10001984                mutex_init
 .text.critical_section_init
                0x100019a0       0x1c CMakeFiles/SwitchTimer.dir/home/jj/pico-sdk/src/common/pico_sync/critical_section.c.o
                0x100019a0                critical_section_init
 .text.critical_section_init_with_lock_num
                0x100019bc       0x14 CMakeFiles/SwitchTimer.dir/home/jj/pico-sdk/src/common/pico_sync/critical_section.c.o
                0x100019bc                critical_section_init_with_lock_num
 .text.sleep_until_callback
                0x100019d0       0x30 CMakeFiles/SwitchTimer.dir/home/jj/pico-sdk/src/common/pico_time/time.c.o
 .text.alarm_pool_irq_handler
                0x10001a00      0x2fc CMakeFiles/SwitchTimer.dir/home/jj/pico-sdk/src/common/pico_time/time.c.o
 .text.runtime_init_default_alarm_pool
                0x10001cfc       0xdc CMakeFiles/SwitchTimer.dir/home/jj/pico-sdk/src/common/pico_time/time.c.o
                0x10001cfc                runtime_init_default_alarm_pool
 .text.alarm_pool_get_default
                0x10001dd8        0x8 CMakeFiles/SwitchTimer.dir/home/jj/pico-sdk/src/common/pico_time/time.c.o
                0x10001dd8                alarm_pool_get_default
 .text.alarm_pool_add_alarm_at
                0x10001de0       0xd0 CMakeFiles/SwitchTimer.dir/home/jj/pico-sdk/src/common/pico_time/time.c.o
                0x10001de0                alarm_pool_add_alarm_at
 .text.alarm_pool_add_alarm_at_force_in_context
                0x10001eb0       0xb0 CMakeFiles/SwitchTimer.dir/home/jj/pico-sdk/src/common/pico_time/time.c.o
                0x10001eb0                alarm_pool_add_alarm_at_force_in_context
 .text.alarm_pool_cancel_alarm
                0x10001f60       0x74 CMakeFiles/SwitchTimer.dir/home/jj/pico-sdk/src/common/pico_time/time.c.o
                0x10001f60                alarm_pool_cancel_alarm
 .text.alarm_pool_core_num
                0x10001fd4        0x4 CMakeFiles/SwitchTimer.dir/home/jj/pico-sdk/src/common/pico_time/time.c.o
                0x10001fd4                alarm_pool_core_num
 .text.sleep_us
                0x10001fd8       0xec CMakeFiles/SwitchTimer.dir/home/jj/pico-sdk/src/common/pico_time/time.c.o
                0x10001fd8                sleep_us
 .text.best_effort_wfe_or_timeout
                0x100020c4       0xec CMakeFiles/SwitchTimer.dir/home/jj/pico-sdk/src/common/pico_time/time.c.o
                0x100020c4                best_effort_wfe_or_timeout
 .text.timer_hardware_alarm_claim
                0x100021b0       0x14 CMakeFiles/SwitchTimer.dir/home/jj/pico-sdk/src/rp2_common/hardware_timer/timer.c.o
                0x100021b0                timer_hardware_alarm_claim
 .text.timer_time_us_64
                0x100021c4       0x10 CMakeFiles/SwitchTimer.dir/home/jj/pico-sdk/src/rp2_common/hardware_timer/timer.c.o
                0x100021c4                timer_time_us_64
 .text.time_us_64
                0x100021d4       0x14 CMakeFiles/SwitchTimer.dir/home/jj/pico-sdk/src/rp2_common/hardware_timer/timer.c.o
                0x100021d4                time_us_64
 .text.busy_wait_until
                0x100021e8       0x20 CMakeFiles/SwitchTimer.dir/home/jj/pico-sdk/src/rp2_common/hardware_timer/timer.c.o
                0x100021e8                busy_wait_until
 .text.clock_configure_int_divider
                0x10002208       0xf4 CMakeFiles/SwitchTimer.dir/home/jj/pico-sdk/src/rp2_common/hardware_clocks/clocks.c.o
                0x10002208                clock_configure_int_divider
 .text.clock_configure_undivided
                0x100022fc       0xe8 CMakeFiles/SwitchTimer.dir/home/jj/pico-sdk/src/rp2_common/hardware_clocks/clocks.c.o
                0x100022fc                clock_configure_undivided
 .text.clock_get_hz
                0x100023e4        0xc CMakeFiles/SwitchTimer.dir/home/jj/pico-sdk/src/rp2_common/hardware_clocks/clocks.c.o
                0x100023e4                clock_get_hz
 .text.pll_init
                0x100023f0       0xa4 CMakeFiles/SwitchTimer.dir/home/jj/pico-sdk/src/rp2_common/hardware_pll/pll.c.o
                0x100023f0                pll_init
 .text.watchdog_reboot
                0x10002494       0x9c CMakeFiles/SwitchTimer.dir/home/jj/pico-sdk/src/rp2_common/hardware_watchdog/watchdog.c.o
                0x10002494                watchdog_reboot
 .text.tick_start
                0x10002530       0x10 CMakeFiles/SwitchTimer.dir/home/jj/pico-sdk/src/rp2_common/hardware_ticks/ticks.c.o
                0x10002530                tick_start
 .text.rom_func_lookup
                0x10002540       0x10 CMakeFiles/SwitchTimer.dir/home/jj/pico-sdk/src/rp2_common/pico_bootrom/bootrom.c.o
                0x10002540                rom_func_lookup
 .text.rom_data_lookup
                0x10002550       0x10 CMakeFiles/SwitchTimer.dir/home/jj/pico-sdk/src/rp2_common/pico_bootrom/bootrom.c.o
                0x10002550                rom_data_lookup
 .text.rom_funcs_lookup
                0x10002560       0x44 CMakeFiles/SwitchTimer.dir/home/jj/pico-sdk/src/rp2_common/pico_bootrom/bootrom.c.o
                0x10002560                rom_funcs_lookup
 .text.rom_reset_usb_boot_extra
                0x100025a4       0x24 CMakeFiles/SwitchTimer.dir/home/jj/pico-sdk/src/rp2_common/pico_bootrom/bootrom.c.o
                0x100025a4                rom_reset_usb_boot_extra
 .text.xosc_init
                0x100025c8       0x28 CMakeFiles/SwitchTimer.dir/home/jj/pico-sdk/src/rp2_common/hardware_xosc/xosc.c.o
                0x100025c8                xosc_init
 .text.first_per_core_initializer
                0x100025f0        0x4 CMakeFiles/SwitchTimer.dir/home/jj/pico-sdk/src/rp2_common/pico_runtime/runtime.c.o
 .text.hard_assertion_failure
                0x100025f4        0xc CMakeFiles/SwitchTimer.dir/home/jj/pico-sdk/src/rp2_common/pico_runtime/runtime.c.o
                0x100025f4                hard_assertion_failure
 .text.runtime_run_initializers
                0x10002600       0x28 CMakeFiles/SwitchTimer.dir/home/jj/pico-sdk/src/rp2_common/pico_runtime/runtime.c.o
                0x10002600                runtime_run_initializers
 .text.runtime_init_early_resets
                0x10002628       0x2c CMakeFiles/SwitchTimer.dir/home/jj/pico-sdk/src/rp2_common/pico_runtime_init/runtime_init.c.o
                0x10002628                runtime_init_early_resets
 .text.runtime_init_usb_power_down
                0x10002654       0x1c CMakeFiles/SwitchTimer.dir/home/jj/pico-sdk/src/rp2_common/pico_runtime_init/runtime_init.c.o
                0x10002654                runtime_init_usb_power_down
 .text.runtime_init_post_clock_resets
                0x10002670       0x20 CMakeFiles/SwitchTimer.dir/home/jj/pico-sdk/src/rp2_common/pico_runtime_init/runtime_init.c.o
                0x10002670                runtime_init_post_clock_resets
 .text.runtime_init_rp2040_gpio_ie_disable
                0x10002690       0x14 CMakeFiles/SwitchTimer.dir/home/jj/pico-sdk/src/rp2_common/pico_runtime_init/runtime_init.c.o
                0x10002690                runtime_init_rp2040_gpio_ie_disable
 .text.runtime_init_spin_locks_reset
                0x100026a4        0x8 CMakeFiles/SwitchTimer.dir/home/jj/pico-sdk/src/rp2_common/pico_runtime_init/runtime_init.c.o
                0x100026a4                runtime_init_spin_locks_reset
 .text.runtime_init_install_ram_vector_table
                0x100026ac       0x1c CMakeFiles/SwitchTimer.dir/home/jj/pico-sdk/src/rp2_common/pico_runtime_init/runtime_init.c.o
                0x100026ac                runtime_init_install_ram_vector_table
 .text.runtime_init_clocks
                0x100026c8       0xd8 CMakeFiles/SwitchTimer.dir/home/jj/pico-sdk/src/rp2_common/pico_runtime_init/runtime_init_clocks.c.o
                0x100026c8                runtime_init_clocks
 .text          0x100027a0       0x10 CMakeFiles/SwitchTimer.dir/home/jj/pico-sdk/src/rp2_common/pico_bit_ops/bit_ops_aeabi.S.o
 .text.__wrap___aeabi_idiv
                0x100027b0       0x50 CMakeFiles/SwitchTimer.dir/home/jj/pico-sdk/src/rp2_common/pico_divider/divider_hardware.S.o
                0x100027b0                __wrap___aeabi_idivmod
                0x100027b0                divmod_s32s32
                0x100027b0                div_s32s32
                0x100027b0                __wrap___aeabi_idiv
                0x100027b8                divmod_s32s32_unsafe
                0x100027e4                divmod_s32s32_savestate
 .text.__wrap___aeabi_uidiv
                0x10002800       0x4c CMakeFiles/SwitchTimer.dir/home/jj/pico-sdk/src/rp2_common/pico_divider/divider_hardware.S.o
                0x10002800                __wrap___aeabi_uidiv
                0x10002800                __wrap___aeabi_uidivmod
                0x10002800                div_u32u32
                0x10002800                divmod_u32u32
                0x10002808                divmod_u32u32_unsafe
                0x10002830                divmod_u32u32_savestate
 .text.__wrap___aeabi_ldiv
                0x1000284c      0x424 CMakeFiles/SwitchTimer.dir/home/jj/pico-sdk/src/rp2_common/pico_divider/divider_hardware.S.o
                0x1000284c                div_s64s64
                0x1000284c                divmod_s64s64
                0x1000284c                __wrap___aeabi_ldivmod
                0x1000287c                div_u64u64
                0x1000287c                divmod_u64u64
                0x1000287c                __wrap___aeabi_uldivmod
                0x1000288c                divmod_u64u64_savestate
                0x100028ac                divmod_s64s64_unsafe
                0x10002934                divmod_u64u64_unsafe
 .text.__wrap___aeabi_darithmetic
                0x10002c70       0x80 CMakeFiles/SwitchTimer.dir/home/jj/pico-sdk/src/rp2_common/pico_double/double_aeabi_rp2040.S.o
                0x10002c70                __wrap___aeabi_drsub
                0x10002c76                __wrap___aeabi_dsub
                0x10002c88                __wrap___aeabi_dadd
                0x10002c9a                __wrap___aeabi_ddiv
                0x10002cd6                __wrap___aeabi_dmul
 .text.__wrap___aeabi_cdcmple
                0x10002cf0       0x6c CMakeFiles/SwitchTimer.dir/home/jj/pico-sdk/src/rp2_common/pico_double/double_aeabi_rp2040.S.o
                0x10002cf0                __wrap___aeabi_cdrcmple
                0x10002d00                __wrap___aeabi_cdcmple
                0x10002d00                __wrap___aeabi_cdcmpeq
 .text.__wrap___aeabi_dcmplt
                0x10002d5c        0xc CMakeFiles/SwitchTimer.dir/home/jj/pico-sdk/src/rp2_common/pico_double/double_aeabi_rp2040.S.o
                0x10002d5c                __wrap___aeabi_dcmplt
 .text.__wrap___aeabi_dcmple
                0x10002d68       0x10 CMakeFiles/SwitchTimer.dir/home/jj/pico-sdk/src/rp2_common/pico_double/double_aeabi_rp2040.S.o
                0x10002d68                __wrap___aeabi_dcmple
 .text.__wrap___aeabi_dcmpge
                0x10002d78       0x10 CMakeFiles/SwitchTimer.dir/home/jj/pico-sdk/src/rp2_common/pico_double/double_aeabi_rp2040.S.o
                0x10002d78                __wrap___aeabi_dcmpge
 .text.__wrap___aeabi_dcmpgt
                0x10002d88        0xa CMakeFiles/SwitchTimer.dir/home/jj/pico-sdk/src/rp2_common/pico_double/double_aeabi_rp2040.S.o
                0x10002d88                __wrap___aeabi_dcmpgt
 .text.__wrap___aeabi_dcmpun
                0x10002d92       0x18 CMakeFiles/SwitchTimer.dir/home/jj/pico-sdk/src/rp2_common/pico_double/double_aeabi_rp2040.S.o
                0x10002d92                __wrap___aeabi_dcmpun
 *fill*         0x10002daa        0x2 
 .text.__wrap___aeabi_i2d
                0x10002dac       0x38 CMakeFiles/SwitchTimer.dir/home/jj/pico-sdk/src/rp2_common/pico_double/double_aeabi_rp2040.S.o
                0x10002dac                __wrap___aeabi_ui2d
                0x10002db4                __wrap___aeabi_i2d
 .text.__wrap___aeabi_d2iz
                0x10002de4       0x48 CMakeFiles/SwitchTimer.dir/home/jj/pico-sdk/src/rp2_common/pico_double/double_aeabi_rp2040.S.o
                0x10002de4                __wrap___aeabi_d2iz
                0x10002de4                double2int_z
 .text.__wrap___aeabi_d2uiz
                0x10002e2c       0x18 CMakeFiles/SwitchTimer.dir/home/jj/pico-sdk/src/rp2_common/pico_double/double_aeabi_rp2040.S.o
                0x10002e2c                double2uint
                0x10002e2c                __wrap___aeabi_d2uiz
 .text.__aeabi_double_init
                0x10002e44       0xa4 CMakeFiles/SwitchTimer.dir/home/jj/pico-sdk/src/rp2_common/pico_double/double_init_rom_rp2040.c.o
                0x10002e44                __aeabi_double_init
 .text.double_table_shim_on_use_helper
                0x10002ee8       0x2c CMakeFiles/SwitchTimer.dir/home/jj/pico-sdk/src/rp2_common/pico_double/double_v1_rom_shim_rp2040.S.o
                0x10002ee8                double_table_shim_on_use_helper
 .text.__wrap___aeabi_dsub
                0x10002f14       0x10 CMakeFiles/SwitchTimer.dir/home/jj/pico-sdk/src/rp2_common/pico_double/double_v1_rom_shim_rp2040.S.o
                0x10002f14                drsub_shim
                0x10002f1a                dsub_shim
 .text.dadd_shim
                0x10002f24      0x15c CMakeFiles/SwitchTimer.dir/home/jj/pico-sdk/src/rp2_common/pico_double/double_v1_rom_shim_rp2040.S.o
                0x10002f24                dadd_shim
 .text.dmul_shim
                0x10003080      0x15c CMakeFiles/SwitchTimer.dir/home/jj/pico-sdk/src/rp2_common/pico_double/double_v1_rom_shim_rp2040.S.o
                0x10003080                dmul_shim
 .text.ddiv_shim
                0x100031dc      0x1b0 CMakeFiles/SwitchTimer.dir/home/jj/pico-sdk/src/rp2_common/pico_double/double_v1_rom_shim_rp2040.S.o
                0x100031dc                ddiv_shim
 .text.double2uint_shim
                0x1000338c        0xe CMakeFiles/SwitchTimer.dir/home/jj/pico-sdk/src/rp2_common/pico_double/double_v1_rom_shim_rp2040.S.o
                0x1000338c                double2uint_shim
                0x1000338e                double2ufix_shim
 *fill*         0x1000339a        0x2 
 .text.double2uint64_shim
                0x1000339c       0x70 CMakeFiles/SwitchTimer.dir/home/jj/pico-sdk/src/rp2_common/pico_double/double_v1_rom_shim_rp2040.S.o
                0x1000339c                double2uint64_shim
                0x1000339e                double2ufix64_shim
                0x100033be                d2fix_a
 .text.dunpacks
                0x1000340c       0x3c CMakeFiles/SwitchTimer.dir/home/jj/pico-sdk/src/rp2_common/pico_double/double_v1_rom_shim_rp2040.S.o
                0x1000340c                dunpacks
 .text.__aeabi_lmul
                0x10003448       0x32 CMakeFiles/SwitchTimer.dir/home/jj/pico-sdk/src/rp2_common/pico_int64_ops/pico_int64_ops_aeabi.S.o
                0x10003448                __wrap___aeabi_lmul
 *fill*         0x1000347a        0x2 
 .text.__aeabi_float_init
                0x1000347c       0x64 CMakeFiles/SwitchTimer.dir/home/jj/pico-sdk/src/rp2_common/pico_float/float_init_rom_rp2040.c.o
                0x1000347c                __aeabi_float_init
 .text.float_table_shim_on_use_helper
                0x100034e0       0x2c CMakeFiles/SwitchTimer.dir/home/jj/pico-sdk/src/rp2_common/pico_float/float_v1_rom_shim_rp2040.S.o
                0x100034e0                float_table_shim_on_use_helper
 .text          0x1000350c       0x10 CMakeFiles/SwitchTimer.dir/home/jj/pico-sdk/src/rp2_common/pico_mem_ops/mem_ops_aeabi.S.o
                0x1000350c                __aeabi_mem_init
 .text.memset   0x1000351c        0xc CMakeFiles/SwitchTimer.dir/home/jj/pico-sdk/src/rp2_common/pico_mem_ops/mem_ops_aeabi.S.o
                0x1000351c                __wrap_memset
 .text.memcpy   0x10003528        0xc CMakeFiles/SwitchTimer.dir/home/jj/pico-sdk/src/rp2_common/pico_mem_ops/mem_ops_aeabi.S.o
                0x10003528                __wrap___aeabi_memcpy
                0x10003528                __wrap_memcpy
 .text._out_buffer
                0x10003534        0x8 CMakeFiles/SwitchTimer.dir/home/jj/pico-sdk/src/rp2_common/pico_printf/printf.c.o
 .text._out_null
                0x1000353c        0x4 CMakeFiles/SwitchTimer.dir/home/jj/pico-sdk/src/rp2_common/pico_printf/printf.c.o
 .text._out_rev
                0x10003540       0xac CMakeFiles/SwitchTimer.dir/home/jj/pico-sdk/src/rp2_common/pico_printf/printf.c.o
 .text._ntoa_format
                0x100035ec      0x1cc CMakeFiles/SwitchTimer.dir/home/jj/pico-sdk/src/rp2_common/pico_printf/printf.c.o
 .text._out_char
                0x100037b8       0x10 CMakeFiles/SwitchTimer.dir/home/jj/pico-sdk/src/rp2_common/pico_printf/printf.c.o
 .text._out_fct
                0x100037c8       0x10 CMakeFiles/SwitchTimer.dir/home/jj/pico-sdk/src/rp2_common/pico_printf/printf.c.o
 .text._ftoa    0x100037d8      0x4a8 CMakeFiles/SwitchTimer.dir/home/jj/pico-sdk/src/rp2_common/pico_printf/printf.c.o
 .text._etoa    0x10003c80      0x57c CMakeFiles/SwitchTimer.dir/home/jj/pico-sdk/src/rp2_common/pico_printf/printf.c.o
 .text._vsnprintf
                0x100041fc      0xbe0 CMakeFiles/SwitchTimer.dir/home/jj/pico-sdk/src/rp2_common/pico_printf/printf.c.o
 .text.__wrap_sprintf
                0x10004ddc       0x2c CMakeFiles/SwitchTimer.dir/home/jj/pico-sdk/src/rp2_common/pico_printf/printf.c.o
                0x10004ddc                __wrap_sprintf
 .text.vfctprintf
                0x10004e08       0x24 CMakeFiles/SwitchTimer.dir/home/jj/pico-sdk/src/rp2_common/pico_printf/printf.c.o
                0x10004e08                vfctprintf
 .text.weak_raw_vprintf
                0x10004e2c       0x30 CMakeFiles/SwitchTimer.dir/home/jj/pico-sdk/src/rp2_common/pico_printf/printf.c.o
                0x10004e2c                weak_raw_vprintf
 .text._exit    0x10004e5c        0x4 CMakeFiles/SwitchTimer.dir/home/jj/pico-sdk/src/rp2_common/pico_clib_interface/newlib_interface.c.o
                0x10004e5c                _exit
 .text.exit     0x10004e60        0x8 CMakeFiles/SwitchTimer.dir/home/jj/pico-sdk/src/rp2_common/pico_clib_interface/newlib_interface.c.o
                0x10004e60                exit
 .text.runtime_init
                0x10004e68       0x2c CMakeFiles/SwitchTimer.dir/home/jj/pico-sdk/src/rp2_common/pico_clib_interface/newlib_interface.c.o
                0x10004e68                runtime_init
 .text.stdio_out_chars_no_crlf
                0x10004e94       0x10 CMakeFiles/SwitchTimer.dir/home/jj/pico-sdk/src/rp2_common/pico_stdio/stdio.c.o
 .text.stdio_out_chars_crlf
                0x10004ea4       0xb0 CMakeFiles/SwitchTimer.dir/home/jj/pico-sdk/src/rp2_common/pico_stdio/stdio.c.o
 .text.stdio_buffered_printer
                0x10004f54       0x64 CMakeFiles/SwitchTimer.dir/home/jj/pico-sdk/src/rp2_common/pico_stdio/stdio.c.o
 .text.stdio_put_string
                0x10004fb8       0xfc CMakeFiles/SwitchTimer.dir/home/jj/pico-sdk/src/rp2_common/pico_stdio/stdio.c.o
                0x10004fb8                stdio_put_string
 .text.stdio_set_driver_enabled
                0x100050b4       0x30 CMakeFiles/SwitchTimer.dir/home/jj/pico-sdk/src/rp2_common/pico_stdio/stdio.c.o
                0x100050b4                stdio_set_driver_enabled
 .text.stdio_init_all
                0x100050e4        0x8 CMakeFiles/SwitchTimer.dir/home/jj/pico-sdk/src/rp2_common/pico_stdio/stdio.c.o
                0x100050e4                stdio_init_all
 .text.__wrap_putchar
                0x100050ec       0x94 CMakeFiles/SwitchTimer.dir/home/jj/pico-sdk/src/rp2_common/pico_stdio/stdio.c.o
                0x100050ec                stdio_putchar
                0x100050ec                __wrap_putchar
 .text.__wrap_puts
                0x10005180       0x3c CMakeFiles/SwitchTimer.dir/home/jj/pico-sdk/src/rp2_common/pico_stdio/stdio.c.o
                0x10005180                __wrap_puts
                0x10005180                stdio_puts
 .text.__wrap_vprintf
                0x100051bc       0xcc CMakeFiles/SwitchTimer.dir/home/jj/pico-sdk/src/rp2_common/pico_stdio/stdio.c.o
                0x100051bc                __wrap_vprintf
                0x100051bc                stdio_vprintf
 .text.__wrap_printf
                0x10005288       0x18 CMakeFiles/SwitchTimer.dir/home/jj/pico-sdk/src/rp2_common/pico_stdio/stdio.c.o
                0x10005288                stdio_printf
                0x10005288                __wrap_printf
 .text.resetd_init
                0x100052a0        0x4 CMakeFiles/SwitchTimer.dir/home/jj/pico-sdk/src/rp2_common/pico_stdio_usb/reset_interface.c.o
 .text.resetd_reset
                0x100052a4        0xc CMakeFiles/SwitchTimer.dir/home/jj/pico-sdk/src/rp2_common/pico_stdio_usb/reset_interface.c.o
 .text.resetd_open
                0x100052b0       0x28 CMakeFiles/SwitchTimer.dir/home/jj/pico-sdk/src/rp2_common/pico_stdio_usb/reset_interface.c.o
 .text.resetd_xfer_cb
                0x100052d8        0x4 CMakeFiles/SwitchTimer.dir/home/jj/pico-sdk/src/rp2_common/pico_stdio_usb/reset_interface.c.o
 .text.resetd_control_xfer_cb
                0x100052dc       0x54 CMakeFiles/SwitchTimer.dir/home/jj/pico-sdk/src/rp2_common/pico_stdio_usb/reset_interface.c.o
 .text.tud_descriptor_bos_cb
                0x10005330        0x8 CMakeFiles/SwitchTimer.dir/home/jj/pico-sdk/src/rp2_common/pico_stdio_usb/reset_interface.c.o
                0x10005330                tud_descriptor_bos_cb
 .text.tud_vendor_control_xfer_cb
                0x10005338       0x34 CMakeFiles/SwitchTimer.dir/home/jj/pico-sdk/src/rp2_common/pico_stdio_usb/reset_interface.c.o
                0x10005338                tud_vendor_control_xfer_cb
 .text.usbd_app_driver_get_cb
                0x1000536c        0xc CMakeFiles/SwitchTimer.dir/home/jj/pico-sdk/src/rp2_common/pico_stdio_usb/reset_interface.c.o
                0x1000536c                usbd_app_driver_get_cb
 .text.tud_cdc_line_coding_cb
                0x10005378       0x2c CMakeFiles/SwitchTimer.dir/home/jj/pico-sdk/src/rp2_common/pico_stdio_usb/reset_interface.c.o
                0x10005378                tud_cdc_line_coding_cb
 .text.stdio_usb_set_chars_available_callback
                0x100053a4       0x14 CMakeFiles/SwitchTimer.dir/home/jj/pico-sdk/src/rp2_common/pico_stdio_usb/stdio_usb.c.o
                0x100053a4                stdio_usb_set_chars_available_callback
 .text.usb_irq  0x100053b8       0x10 CMakeFiles/SwitchTimer.dir/home/jj/pico-sdk/src/rp2_common/pico_stdio_usb/stdio_usb.c.o
 .text.timer_task
                0x100053c8       0x64 CMakeFiles/SwitchTimer.dir/home/jj/pico-sdk/src/rp2_common/pico_stdio_usb/stdio_usb.c.o
 .text.stdio_usb_in_chars
                0x1000542c       0x8c CMakeFiles/SwitchTimer.dir/home/jj/pico-sdk/src/rp2_common/pico_stdio_usb/stdio_usb.c.o
                0x1000542c                stdio_usb_in_chars
 .text.stdio_usb_out_flush
                0x100054b8       0x4c CMakeFiles/SwitchTimer.dir/home/jj/pico-sdk/src/rp2_common/pico_stdio_usb/stdio_usb.c.o
 .text.stdio_usb_out_chars
                0x10005504      0x100 CMakeFiles/SwitchTimer.dir/home/jj/pico-sdk/src/rp2_common/pico_stdio_usb/stdio_usb.c.o
 .text.low_priority_worker_irq
                0x10005604       0xc8 CMakeFiles/SwitchTimer.dir/home/jj/pico-sdk/src/rp2_common/pico_stdio_usb/stdio_usb.c.o
 .text.stdio_usb_init
                0x100056cc       0xe4 CMakeFiles/SwitchTimer.dir/home/jj/pico-sdk/src/rp2_common/pico_stdio_usb/stdio_usb.c.o
                0x100056cc                stdio_usb_init
 .text.tud_descriptor_device_cb
                0x100057b0        0x8 CMakeFiles/SwitchTimer.dir/home/jj/pico-sdk/src/rp2_common/pico_stdio_usb/stdio_usb_descriptors.c.o
                0x100057b0                tud_descriptor_device_cb
 .text.tud_descriptor_configuration_cb
                0x100057b8        0x8 CMakeFiles/SwitchTimer.dir/home/jj/pico-sdk/src/rp2_common/pico_stdio_usb/stdio_usb_descriptors.c.o
                0x100057b8                tud_descriptor_configuration_cb
 .text.tud_descriptor_string_cb
                0x100057c0       0x78 CMakeFiles/SwitchTimer.dir/home/jj/pico-sdk/src/rp2_common/pico_stdio_usb/stdio_usb_descriptors.c.o
                0x100057c0                tud_descriptor_string_cb
 .text.startup._retrieve_unique_id_on_boot
                0x10005838       0x10 CMakeFiles/SwitchTimer.dir/home/jj/pico-sdk/src/rp2_common/pico_unique_id/unique_id.c.o
 .text.pico_get_unique_board_id_string
                0x10005848      0x1a8 CMakeFiles/SwitchTimer.dir/home/jj/pico-sdk/src/rp2_common/pico_unique_id/unique_id.c.o
                0x10005848                pico_get_unique_board_id_string
 .text.flash_get_unique_id
                0x100059f0       0x3c CMakeFiles/SwitchTimer.dir/home/jj/pico-sdk/src/rp2_common/hardware_flash/flash.c.o
                0x100059f0                flash_get_unique_id
 .text.dcd_init
                0x10005a2c       0x8c CMakeFiles/SwitchTimer.dir/home/jj/pico-sdk/lib/tinyusb/src/portable/raspberrypi/rp2040/dcd_rp2040.c.o
                0x10005a2c                dcd_init
 .text.dcd_int_enable
                0x10005ab8        0xc CMakeFiles/SwitchTimer.dir/home/jj/pico-sdk/lib/tinyusb/src/portable/raspberrypi/rp2040/dcd_rp2040.c.o
                0x10005ab8                dcd_int_enable
 .text.dcd_set_address
                0x10005ac4       0x14 CMakeFiles/SwitchTimer.dir/home/jj/pico-sdk/lib/tinyusb/src/portable/raspberrypi/rp2040/dcd_rp2040.c.o
                0x10005ac4                dcd_set_address
 .text.dcd_sof_enable
                0x10005ad8       0x1c CMakeFiles/SwitchTimer.dir/home/jj/pico-sdk/lib/tinyusb/src/portable/raspberrypi/rp2040/dcd_rp2040.c.o
                0x10005ad8                dcd_sof_enable
 .text.dcd_edpt0_status_complete
                0x10005af4       0x1c CMakeFiles/SwitchTimer.dir/home/jj/pico-sdk/lib/tinyusb/src/portable/raspberrypi/rp2040/dcd_rp2040.c.o
                0x10005af4                dcd_edpt0_status_complete
 .text.dcd_edpt_open
                0x10005b10      0x108 CMakeFiles/SwitchTimer.dir/home/jj/pico-sdk/lib/tinyusb/src/portable/raspberrypi/rp2040/dcd_rp2040.c.o
                0x10005b10                dcd_edpt_open
 .text.dcd_edpt_close_all
                0x10005c18        0x8 CMakeFiles/SwitchTimer.dir/home/jj/pico-sdk/lib/tinyusb/src/portable/raspberrypi/rp2040/dcd_rp2040.c.o
                0x10005c18                dcd_edpt_close_all
 .text.dcd_edpt_xfer
                0x10005c20       0x24 CMakeFiles/SwitchTimer.dir/home/jj/pico-sdk/lib/tinyusb/src/portable/raspberrypi/rp2040/dcd_rp2040.c.o
                0x10005c20                dcd_edpt_xfer
 .text.dcd_edpt_stall
                0x10005c44       0x3c CMakeFiles/SwitchTimer.dir/home/jj/pico-sdk/lib/tinyusb/src/portable/raspberrypi/rp2040/dcd_rp2040.c.o
                0x10005c44                dcd_edpt_stall
 .text.dcd_edpt_clear_stall
                0x10005c80       0x30 CMakeFiles/SwitchTimer.dir/home/jj/pico-sdk/lib/tinyusb/src/portable/raspberrypi/rp2040/dcd_rp2040.c.o
                0x10005c80                dcd_edpt_clear_stall
 .text.rp2040_usb_init
                0x10005cb0       0x40 CMakeFiles/SwitchTimer.dir/home/jj/pico-sdk/lib/tinyusb/src/portable/raspberrypi/rp2040/rp2040_usb.c.o
                0x10005cb0                rp2040_usb_init
 .text.hw_endpoint_xfer_start
                0x10005cf0       0x40 CMakeFiles/SwitchTimer.dir/home/jj/pico-sdk/lib/tinyusb/src/portable/raspberrypi/rp2040/rp2040_usb.c.o
                0x10005cf0                hw_endpoint_xfer_start
 .text.tud_event_hook_cb
                0x10005d30        0x4 CMakeFiles/SwitchTimer.dir/home/jj/pico-sdk/lib/tinyusb/src/device/usbd.c.o
                0x10005d30                tud_event_hook_cb
 .text.tud_sof_cb
                0x10005d34        0x4 CMakeFiles/SwitchTimer.dir/home/jj/pico-sdk/lib/tinyusb/src/device/usbd.c.o
                0x10005d34                tud_sof_cb
 .text.tud_descriptor_device_qualifier_cb
                0x10005d38        0x4 CMakeFiles/SwitchTimer.dir/home/jj/pico-sdk/lib/tinyusb/src/device/usbd.c.o
                0x10005d38                tud_descriptor_device_qualifier_cb
 .text.tud_descriptor_other_speed_configuration_cb
                0x10005d3c        0x4 CMakeFiles/SwitchTimer.dir/home/jj/pico-sdk/lib/tinyusb/src/device/usbd.c.o
                0x10005d3c                tud_descriptor_other_speed_configuration_cb
 .text.tud_mount_cb
                0x10005d40        0x4 CMakeFiles/SwitchTimer.dir/home/jj/pico-sdk/lib/tinyusb/src/device/usbd.c.o
                0x10005d40                tud_mount_cb
 .text.tud_umount_cb
                0x10005d44        0x4 CMakeFiles/SwitchTimer.dir/home/jj/pico-sdk/lib/tinyusb/src/device/usbd.c.o
                0x10005d44                tud_umount_cb
 .text.tud_suspend_cb
                0x10005d48        0x4 CMakeFiles/SwitchTimer.dir/home/jj/pico-sdk/lib/tinyusb/src/device/usbd.c.o
                0x10005d48                tud_suspend_cb
 .text.tud_resume_cb
                0x10005d4c        0x4 CMakeFiles/SwitchTimer.dir/home/jj/pico-sdk/lib/tinyusb/src/device/usbd.c.o
                0x10005d4c                tud_resume_cb
 .text.tud_mounted
                0x10005d50       0x10 CMakeFiles/SwitchTimer.dir/home/jj/pico-sdk/lib/tinyusb/src/device/usbd.c.o
                0x10005d50                tud_mounted
 .text.tud_suspended
                0x10005d60       0x10 CMakeFiles/SwitchTimer.dir/home/jj/pico-sdk/lib/tinyusb/src/device/usbd.c.o
                0x10005d60                tud_suspended
 .text.tud_init
                0x10005d70       0xe0 CMakeFiles/SwitchTimer.dir/home/jj/pico-sdk/lib/tinyusb/src/device/usbd.c.o
                0x10005d70                tud_init
 .text.tud_task_ext
                0x10005e50      0x800 CMakeFiles/SwitchTimer.dir/home/jj/pico-sdk/lib/tinyusb/src/device/usbd.c.o
                0x10005e50                tud_task_ext
 .text.usbd_open_edpt_pair
                0x10006650       0x9c CMakeFiles/SwitchTimer.dir/home/jj/pico-sdk/lib/tinyusb/src/device/usbd.c.o
                0x10006650                usbd_open_edpt_pair
 .text.usbd_edpt_open
                0x100066ec       0x34 CMakeFiles/SwitchTimer.dir/home/jj/pico-sdk/lib/tinyusb/src/device/usbd.c.o
                0x100066ec                usbd_edpt_open
 .text.usbd_edpt_claim
                0x10006720       0x28 CMakeFiles/SwitchTimer.dir/home/jj/pico-sdk/lib/tinyusb/src/device/usbd.c.o
                0x10006720                usbd_edpt_claim
 .text.usbd_edpt_release
                0x10006748       0x28 CMakeFiles/SwitchTimer.dir/home/jj/pico-sdk/lib/tinyusb/src/device/usbd.c.o
                0x10006748                usbd_edpt_release
 .text.usbd_edpt_xfer
                0x10006770       0x4c CMakeFiles/SwitchTimer.dir/home/jj/pico-sdk/lib/tinyusb/src/device/usbd.c.o
                0x10006770                usbd_edpt_xfer
 .text.tud_control_status
                0x100067bc       0x2c CMakeFiles/SwitchTimer.dir/home/jj/pico-sdk/lib/tinyusb/src/device/usbd_control.c.o
                0x100067bc                tud_control_status
 .text.tud_control_xfer
                0x100067e8       0xa8 CMakeFiles/SwitchTimer.dir/home/jj/pico-sdk/lib/tinyusb/src/device/usbd_control.c.o
                0x100067e8                tud_control_xfer
 .text.usbd_control_reset
                0x10006890       0x14 CMakeFiles/SwitchTimer.dir/home/jj/pico-sdk/lib/tinyusb/src/device/usbd_control.c.o
                0x10006890                usbd_control_reset
 .text.usbd_control_set_complete_callback
                0x100068a4        0xc CMakeFiles/SwitchTimer.dir/home/jj/pico-sdk/lib/tinyusb/src/device/usbd_control.c.o
                0x100068a4                usbd_control_set_complete_callback
 .text.usbd_control_set_request
                0x100068b0       0x1c CMakeFiles/SwitchTimer.dir/home/jj/pico-sdk/lib/tinyusb/src/device/usbd_control.c.o
                0x100068b0                usbd_control_set_request
 .text.usbd_control_xfer_cb
                0x100068cc       0xec CMakeFiles/SwitchTimer.dir/home/jj/pico-sdk/lib/tinyusb/src/device/usbd_control.c.o
                0x100068cc                usbd_control_xfer_cb
 .text._prep_out_transaction.isra.0
                0x100069b8       0x5c CMakeFiles/SwitchTimer.dir/home/jj/pico-sdk/lib/tinyusb/src/class/cdc/cdc_device.c.o
 .text.tud_cdc_n_connected
                0x10006a14       0x30 CMakeFiles/SwitchTimer.dir/home/jj/pico-sdk/lib/tinyusb/src/class/cdc/cdc_device.c.o
                0x10006a14                tud_cdc_n_connected
 .text.tud_cdc_n_available
                0x10006a44       0x18 CMakeFiles/SwitchTimer.dir/home/jj/pico-sdk/lib/tinyusb/src/class/cdc/cdc_device.c.o
                0x10006a44                tud_cdc_n_available
 .text.tud_cdc_n_read
                0x10006a5c       0x9c CMakeFiles/SwitchTimer.dir/home/jj/pico-sdk/lib/tinyusb/src/class/cdc/cdc_device.c.o
                0x10006a5c                tud_cdc_n_read
 .text.tud_cdc_n_write_flush
                0x10006af8       0x78 CMakeFiles/SwitchTimer.dir/home/jj/pico-sdk/lib/tinyusb/src/class/cdc/cdc_device.c.o
                0x10006af8                tud_cdc_n_write_flush
 .text.tud_cdc_n_write
                0x10006b70       0x40 CMakeFiles/SwitchTimer.dir/home/jj/pico-sdk/lib/tinyusb/src/class/cdc/cdc_device.c.o
                0x10006b70                tud_cdc_n_write
 .text.tud_cdc_n_write_available
                0x10006bb0       0x18 CMakeFiles/SwitchTimer.dir/home/jj/pico-sdk/lib/tinyusb/src/class/cdc/cdc_device.c.o
                0x10006bb0                tud_cdc_n_write_available
 .text.cdcd_init
                0x10006bc8       0x7c CMakeFiles/SwitchTimer.dir/home/jj/pico-sdk/lib/tinyusb/src/class/cdc/cdc_device.c.o
                0x10006bc8                cdcd_init
 .text.cdcd_deinit
                0x10006c44       0x30 CMakeFiles/SwitchTimer.dir/home/jj/pico-sdk/lib/tinyusb/src/class/cdc/cdc_device.c.o
                0x10006c44                cdcd_deinit
 .text.cdcd_reset
                0x10006c74       0x4c CMakeFiles/SwitchTimer.dir/home/jj/pico-sdk/lib/tinyusb/src/class/cdc/cdc_device.c.o
                0x10006c74                cdcd_reset
 .text.cdcd_open
                0x10006cc0       0xb0 CMakeFiles/SwitchTimer.dir/home/jj/pico-sdk/lib/tinyusb/src/class/cdc/cdc_device.c.o
                0x10006cc0                cdcd_open
 .text.cdcd_control_xfer_cb
                0x10006d70       0xe4 CMakeFiles/SwitchTimer.dir/home/jj/pico-sdk/lib/tinyusb/src/class/cdc/cdc_device.c.o
                0x10006d70                cdcd_control_xfer_cb
 .text.cdcd_xfer_cb
                0x10006e54      0x100 CMakeFiles/SwitchTimer.dir/home/jj/pico-sdk/lib/tinyusb/src/class/cdc/cdc_device.c.o
                0x10006e54                cdcd_xfer_cb
 .text.vendord_init
                0x10006f54       0x5c CMakeFiles/SwitchTimer.dir/home/jj/pico-sdk/lib/tinyusb/src/class/vendor/vendor_device.c.o
                0x10006f54                vendord_init
 .text.vendord_deinit
                0x10006fb0       0x1c CMakeFiles/SwitchTimer.dir/home/jj/pico-sdk/lib/tinyusb/src/class/vendor/vendor_device.c.o
                0x10006fb0                vendord_deinit
 .text.vendord_reset
                0x10006fcc       0x20 CMakeFiles/SwitchTimer.dir/home/jj/pico-sdk/lib/tinyusb/src/class/vendor/vendor_device.c.o
                0x10006fcc                vendord_reset
 .text.vendord_open
                0x10006fec      0x128 CMakeFiles/SwitchTimer.dir/home/jj/pico-sdk/lib/tinyusb/src/class/vendor/vendor_device.c.o
                0x10006fec                vendord_open
 .text.vendord_xfer_cb
                0x10007114       0x9c CMakeFiles/SwitchTimer.dir/home/jj/pico-sdk/lib/tinyusb/src/class/vendor/vendor_device.c.o
                0x10007114                vendord_xfer_cb
 .text.tusb_init
                0x100071b0        0xc CMakeFiles/SwitchTimer.dir/home/jj/pico-sdk/lib/tinyusb/src/tusb.c.o
                0x100071b0                tusb_init
 .text.tu_edpt_claim
                0x100071bc       0x50 CMakeFiles/SwitchTimer.dir/home/jj/pico-sdk/lib/tinyusb/src/tusb.c.o
                0x100071bc                tu_edpt_claim
 .text.tu_edpt_release
                0x1000720c       0x38 CMakeFiles/SwitchTimer.dir/home/jj/pico-sdk/lib/tinyusb/src/tusb.c.o
                0x1000720c                tu_edpt_release
 .text.tu_edpt_validate
                0x10007244       0x7c CMakeFiles/SwitchTimer.dir/home/jj/pico-sdk/lib/tinyusb/src/tusb.c.o
                0x10007244                tu_edpt_validate
 .text.tu_edpt_bind_driver
                0x100072c0       0x34 CMakeFiles/SwitchTimer.dir/home/jj/pico-sdk/lib/tinyusb/src/tusb.c.o
                0x100072c0                tu_edpt_bind_driver
 .text.tu_edpt_stream_init
                0x100072f4       0x6c CMakeFiles/SwitchTimer.dir/home/jj/pico-sdk/lib/tinyusb/src/tusb.c.o
                0x100072f4                tu_edpt_stream_init
 .text.tu_edpt_stream_deinit
                0x10007360        0x4 CMakeFiles/SwitchTimer.dir/home/jj/pico-sdk/lib/tinyusb/src/tusb.c.o
                0x10007360                tu_edpt_stream_deinit
 .text.tu_edpt_stream_write_zlp_if_needed
                0x10007364       0x68 CMakeFiles/SwitchTimer.dir/home/jj/pico-sdk/lib/tinyusb/src/tusb.c.o
                0x10007364                tu_edpt_stream_write_zlp_if_needed
 .text.tu_edpt_stream_write_xfer
                0x100073cc       0x68 CMakeFiles/SwitchTimer.dir/home/jj/pico-sdk/lib/tinyusb/src/tusb.c.o
                0x100073cc                tu_edpt_stream_write_xfer
 .text.tu_edpt_stream_read_xfer
                0x10007434       0xd8 CMakeFiles/SwitchTimer.dir/home/jj/pico-sdk/lib/tinyusb/src/tusb.c.o
                0x10007434                tu_edpt_stream_read_xfer
 .text.tu_fifo_config
                0x1000750c       0x6c CMakeFiles/SwitchTimer.dir/home/jj/pico-sdk/lib/tinyusb/src/common/tusb_fifo.c.o
                0x1000750c                tu_fifo_config
 .text.tu_fifo_count
                0x10007578       0x2c CMakeFiles/SwitchTimer.dir/home/jj/pico-sdk/lib/tinyusb/src/common/tusb_fifo.c.o
                0x10007578                tu_fifo_count
 .text.tu_fifo_empty
                0x100075a4       0x10 CMakeFiles/SwitchTimer.dir/home/jj/pico-sdk/lib/tinyusb/src/common/tusb_fifo.c.o
                0x100075a4                tu_fifo_empty
 .text.tu_fifo_remaining
                0x100075b4       0x2c CMakeFiles/SwitchTimer.dir/home/jj/pico-sdk/lib/tinyusb/src/common/tusb_fifo.c.o
                0x100075b4                tu_fifo_remaining
 .text.tu_fifo_read
                0x100075e0       0x9c CMakeFiles/SwitchTimer.dir/home/jj/pico-sdk/lib/tinyusb/src/common/tusb_fifo.c.o
                0x100075e0                tu_fifo_read
 .text.tu_fifo_read_n
                0x1000767c       0xe8 CMakeFiles/SwitchTimer.dir/home/jj/pico-sdk/lib/tinyusb/src/common/tusb_fifo.c.o
                0x1000767c                tu_fifo_read_n
 .text.tu_fifo_write
                0x10007764       0xa4 CMakeFiles/SwitchTimer.dir/home/jj/pico-sdk/lib/tinyusb/src/common/tusb_fifo.c.o
                0x10007764                tu_fifo_write
 .text.tu_fifo_write_n
                0x10007808      0x178 CMakeFiles/SwitchTimer.dir/home/jj/pico-sdk/lib/tinyusb/src/common/tusb_fifo.c.o
                0x10007808                tu_fifo_write_n
 .text.tu_fifo_clear
                0x10007980       0x40 CMakeFiles/SwitchTimer.dir/home/jj/pico-sdk/lib/tinyusb/src/common/tusb_fifo.c.o
                0x10007980                tu_fifo_clear
 .text.tu_fifo_set_overwritable
                0x100079c0       0x48 CMakeFiles/SwitchTimer.dir/home/jj/pico-sdk/lib/tinyusb/src/common/tusb_fifo.c.o
                0x100079c0                tu_fifo_set_overwritable
 .text.i2c_write_blocking_internal.constprop.0
                0x10007a08       0xf8 CMakeFiles/SwitchTimer.dir/home/jj/pico-sdk/src/rp2_common/hardware_i2c/i2c.c.o
 .text.i2c_set_baudrate
                0x10007b00       0xc0 CMakeFiles/SwitchTimer.dir/home/jj/pico-sdk/src/rp2_common/hardware_i2c/i2c.c.o
                0x10007b00                i2c_set_baudrate
 .text.i2c_init
                0x10007bc0       0x50 CMakeFiles/SwitchTimer.dir/home/jj/pico-sdk/src/rp2_common/hardware_i2c/i2c.c.o
                0x10007bc0                i2c_init
 .text.i2c_write_blocking
                0x10007c10       0x14 CMakeFiles/SwitchTimer.dir/home/jj/pico-sdk/src/rp2_common/hardware_i2c/i2c.c.o
                0x10007c10                i2c_write_blocking
 .text.atexit   0x10007c24       0x10 /usr/lib/gcc/arm-none-eabi/14.2.0/../../../../arm-none-eabi/lib/thumb/v6-m/nofp/libg.a(libc_a-atexit.o)
                0x10007c24                atexit
 .text.__libc_fini_array
                0x10007c34       0x28 /usr/lib/gcc/arm-none-eabi/14.2.0/../../../../arm-none-eabi/lib/thumb/v6-m/nofp/libg.a(libc_a-fini.o)
                0x10007c34                __libc_fini_array
 .text.__retarget_lock_acquire_recursive
                0x10007c5c        0x4 /usr/lib/gcc/arm-none-eabi/14.2.0/../../../../arm-none-eabi/lib/thumb/v6-m/nofp/libg.a(libc_a-lock.o)
                0x10007c5c                __retarget_lock_acquire_recursive
 .text.__retarget_lock_release_recursive
                0x10007c60        0x4 /usr/lib/gcc/arm-none-eabi/14.2.0/../../../../arm-none-eabi/lib/thumb/v6-m/nofp/libg.a(libc_a-lock.o)
                0x10007c60                __retarget_lock_release_recursive
 .text.strlen   0x10007c64       0x5c /usr/lib/gcc/arm-none-eabi/14.2.0/../../../../arm-none-eabi/lib/thumb/v6-m/nofp/libg.a(libc_a-strlen-stub.o)
                0x10007c64                strlen
 .text.__register_exitproc
                0x10007cc0       0xa8 /usr/lib/gcc/arm-none-eabi/14.2.0/../../../../arm-none-eabi/lib/thumb/v6-m/nofp/libg.a(libc_a-__atexit.o)
                0x10007cc0                __register_exitproc
 .text.startup.register_fini
                0x10007d68       0x18 /usr/lib/gcc/arm-none-eabi/14.2.0/../../../../arm-none-eabi/lib/thumb/v6-m/nofp/libg.a(libc_a-__call_atexit.o)
 *(.fini)
 .fini          0x10007d80        0x4 /usr/lib/gcc/arm-none-eabi/14.2.0/thumb/v6-m/nofp/crti.o
                0x10007d80                _fini
 *fill*         0x10007d84        0x4 
 .fini.__stub   0x10007d88       0xc0 linker stubs
 *crtbegin.o(.ctors)
 *crtbegin?.o(.ctors)
 *(EXCLUDE_FILE(*crtend.o *crtend?.o) .ctors)
 *(SORT_BY_NAME(.ctors.*))
 *(.ctors)
 *crtbegin.o(.dtors)
 *crtbegin?.o(.dtors)
 *(EXCLUDE_FILE(*crtend.o *crtend?.o) .dtors)
 *(SORT_BY_NAME(.dtors.*))
 *(.dtors)
                0x10007e48                        . = ALIGN (0x4)
                0x10007e48                        PROVIDE (__preinit_array_start = .)
 *(SORT_BY_NAME(.preinit_array.*))
 .preinit_array.00100
                0x10007e48        0x4 CMakeFiles/SwitchTimer.dir/home/jj/pico-sdk/src/rp2_common/pico_runtime_init/runtime_init.c.o
                0x10007e48                __pre_init_runtime_init_early_resets
 .preinit_array.00101
                0x10007e4c        0x4 CMakeFiles/SwitchTimer.dir/home/jj/pico-sdk/src/rp2_common/pico_runtime_init/runtime_init.c.o
                0x10007e4c                __pre_init_runtime_init_usb_power_down
 .preinit_array.00275
                0x10007e50        0x4 CMakeFiles/SwitchTimer.dir/home/jj/pico-sdk/src/rp2_common/pico_bit_ops/bit_ops_aeabi.S.o
 .preinit_array.00300
                0x10007e54        0x4 CMakeFiles/SwitchTimer.dir/home/jj/pico-sdk/src/rp2_common/pico_mem_ops/mem_ops_aeabi.S.o
 .preinit_array.00350
                0x10007e58        0x4 CMakeFiles/SwitchTimer.dir/home/jj/pico-sdk/src/rp2_common/pico_double/double_aeabi_rp2040.S.o
 .preinit_array.00350
                0x10007e5c        0x4 CMakeFiles/SwitchTimer.dir/home/jj/pico-sdk/src/rp2_common/pico_float/float_aeabi_rp2040.S.o
 .preinit_array.00500
                0x10007e60        0x4 CMakeFiles/SwitchTimer.dir/home/jj/pico-sdk/src/rp2_common/pico_runtime_init/runtime_init.c.o
                0x10007e60                __pre_init_runtime_init_clocks
 .preinit_array.00600
                0x10007e64        0x4 CMakeFiles/SwitchTimer.dir/home/jj/pico-sdk/src/rp2_common/pico_runtime_init/runtime_init.c.o
                0x10007e64                __pre_init_runtime_init_post_clock_resets
 .preinit_array.00700
                0x10007e68        0x4 CMakeFiles/SwitchTimer.dir/home/jj/pico-sdk/src/rp2_common/pico_runtime_init/runtime_init.c.o
                0x10007e68                __pre_init_runtime_init_rp2040_gpio_ie_disable
 .preinit_array.01000
                0x10007e6c        0x4 CMakeFiles/SwitchTimer.dir/home/jj/pico-sdk/src/rp2_common/pico_runtime_init/runtime_init.c.o
                0x10007e6c                __pre_init_runtime_init_spin_locks_reset
 .preinit_array.01100
                0x10007e70        0x4 CMakeFiles/SwitchTimer.dir/home/jj/pico-sdk/src/common/pico_sync/mutex.c.o
                0x10007e70                __pre_init_runtime_init_mutex
 .preinit_array.10080
                0x10007e74        0x4 CMakeFiles/SwitchTimer.dir/home/jj/pico-sdk/src/rp2_common/pico_runtime_init/runtime_init.c.o
                0x10007e74                __pre_init_runtime_init_install_ram_vector_table
 .preinit_array.11000
                0x10007e78        0x4 CMakeFiles/SwitchTimer.dir/home/jj/pico-sdk/src/common/pico_time/time.c.o
                0x10007e78                __pre_init_runtime_init_default_alarm_pool
 .preinit_array.YYYYY
                0x10007e7c        0x4 CMakeFiles/SwitchTimer.dir/home/jj/pico-sdk/src/rp2_common/pico_runtime/runtime.c.o
                0x10007e7c                __pre_init_first_per_core_initializer
 .preinit_array.ZZZZZ.01200
                0x10007e80        0x4 CMakeFiles/SwitchTimer.dir/home/jj/pico-sdk/src/rp2_common/hardware_irq/irq.c.o
                0x10007e80                __pre_init_runtime_init_per_core_irq_priorities
 *(.preinit_array)
                0x10007e84                        PROVIDE (__preinit_array_end = .)
                0x10007e84                        . = ALIGN (0x4)
                0x10007e84                        PROVIDE (__init_array_start = .)
 *(SORT_BY_NAME(.init_array.*))
 .init_array.00000
                0x10007e84        0x4 /usr/lib/gcc/arm-none-eabi/14.2.0/../../../../arm-none-eabi/lib/thumb/v6-m/nofp/libg.a(libc_a-__call_atexit.o)
 *(.init_array)
 .init_array    0x10007e88        0x4 /usr/lib/gcc/arm-none-eabi/14.2.0/thumb/v6-m/nofp/crtbegin.o
 .init_array    0x10007e8c        0x4 CMakeFiles/SwitchTimer.dir/home/jj/pico-sdk/src/rp2_common/pico_unique_id/unique_id.c.o
                0x10007e90                        PROVIDE (__init_array_end = .)
                0x10007e90                        . = ALIGN (0x4)
                0x10007e90                        PROVIDE (__fini_array_start = .)
 *(SORT_BY_NAME(.fini_array.*))
 *(.fini_array)
                0x10007e90                        PROVIDE (__fini_array_end = .)
 *(.eh_frame*)
 .eh_frame      0x10007e90        0x0 /usr/lib/gcc/arm-none-eabi/14.2.0/thumb/v6-m/nofp/crtbegin.o
                0x10007e90                        . = ALIGN (0x4)

.glue_7         0x10007e90        0x0
 .glue_7        0x10007e90        0x0 linker stubs

.glue_7t        0x10007e90        0x0
 .glue_7t       0x10007e90        0x0 linker stubs

.vfp11_veneer   0x10007e90        0x0
 .vfp11_veneer  0x10007e90        0x0 linker stubs

.v4_bx          0x10007e90        0x0
 .v4_bx         0x10007e90        0x0 linker stubs

.iplt           0x10007e90        0x0
 .iplt          0x10007e90        0x0 /usr/lib/gcc/arm-none-eabi/14.2.0/thumb/v6-m/nofp/crtbegin.o

.rodata         0x10007e90      0x644
 *(EXCLUDE_FILE(*libm.a: *libc.a:*lib_a-mem*.o *libgcc.a:) .rodata*)
 .rodata._Z16encoder_callbackjm.str1.4
                0x10007e90      0x198 CMakeFiles/SwitchTimer.dir/src/main.cpp.o
                                  0xa (size before relaxing)
 .rodata.main.str1.4
                0x10008028       0x1b CMakeFiles/SwitchTimer.dir/src/main.cpp.o
 .rodata._ZZ4mainE8__bi_294
                0x10008028        0x8 CMakeFiles/SwitchTimer.dir/src/main.cpp.o
 .rodata.panic.str1.4
                0x10008030       0x12 CMakeFiles/SwitchTimer.dir/home/jj/pico-sdk/src/rp2_common/pico_platform_panic/panic.c.o
 .rodata.spin_lock_claim_unused.str1.4
                0x10008030       0x1b CMakeFiles/SwitchTimer.dir/home/jj/pico-sdk/src/rp2_common/hardware_sync/sync.c.o
 .rodata.user_irq_claim_unused.str1.4
                0x10008030       0x1b CMakeFiles/SwitchTimer.dir/home/jj/pico-sdk/src/rp2_common/hardware_irq/irq.c.o
 .rodata.timer_hardware_alarm_claim.str1.4
                0x10008030       0x22 CMakeFiles/SwitchTimer.dir/home/jj/pico-sdk/src/rp2_common/hardware_timer/timer.c.o
 .rodata.hard_assertion_failure.str1.4
                0x10008030        0xc CMakeFiles/SwitchTimer.dir/home/jj/pico-sdk/src/rp2_common/pico_runtime/runtime.c.o
 .rodata.str1.4
                0x10008030       0x40 CMakeFiles/SwitchTimer.dir/home/jj/pico-sdk/src/rp2_common/pico_standard_binary_info/standard_binary_info.c.o
 .rodata.__bi_84
                0x10008030        0xc CMakeFiles/SwitchTimer.dir/home/jj/pico-sdk/src/rp2_common/pico_standard_binary_info/standard_binary_info.c.o
 .rodata.__bi_78
                0x1000803c        0xc CMakeFiles/SwitchTimer.dir/home/jj/pico-sdk/src/rp2_common/pico_standard_binary_info/standard_binary_info.c.o
 .rodata.__bi_54
                0x10008048        0xc CMakeFiles/SwitchTimer.dir/home/jj/pico-sdk/src/rp2_common/pico_standard_binary_info/standard_binary_info.c.o
 .rodata.__bi_48
                0x10008054        0xc CMakeFiles/SwitchTimer.dir/home/jj/pico-sdk/src/rp2_common/pico_standard_binary_info/standard_binary_info.c.o
 .rodata.__bi_42
                0x10008060        0xc CMakeFiles/SwitchTimer.dir/home/jj/pico-sdk/src/rp2_common/pico_standard_binary_info/standard_binary_info.c.o
 .rodata.__bi_34
                0x1000806c        0xc CMakeFiles/SwitchTimer.dir/home/jj/pico-sdk/src/rp2_common/pico_standard_binary_info/standard_binary_info.c.o
 .rodata.__bi_26
                0x10008078        0xc CMakeFiles/SwitchTimer.dir/home/jj/pico-sdk/src/rp2_common/pico_standard_binary_info/standard_binary_info.c.o
 .rodata._ftoa.str1.4
                0x10008084       0x15 CMakeFiles/SwitchTimer.dir/home/jj/pico-sdk/src/rp2_common/pico_printf/printf.c.o
 .rodata._vsnprintf
                0x10008084      0x19c CMakeFiles/SwitchTimer.dir/home/jj/pico-sdk/src/rp2_common/pico_printf/printf.c.o
 .rodata.pow10.0
                0x10008220       0x50 CMakeFiles/SwitchTimer.dir/home/jj/pico-sdk/src/rp2_common/pico_printf/printf.c.o
 .rodata.crlf_str.0
                0x10008270        0x2 CMakeFiles/SwitchTimer.dir/home/jj/pico-sdk/src/rp2_common/pico_stdio/stdio.c.o
 *fill*         0x10008272        0x2 
 .rodata._resetd_driver
                0x10008274       0x20 CMakeFiles/SwitchTimer.dir/home/jj/pico-sdk/src/rp2_common/pico_stdio_usb/reset_interface.c.o
 .rodata.desc_ms_os_20
                0x10008294       0xa6 CMakeFiles/SwitchTimer.dir/home/jj/pico-sdk/src/rp2_common/pico_stdio_usb/reset_interface.c.o
 *fill*         0x1000833a        0x2 
 .rodata.desc_bos
                0x1000833c       0x21 CMakeFiles/SwitchTimer.dir/home/jj/pico-sdk/src/rp2_common/pico_stdio_usb/reset_interface.c.o
                0x1000833c                desc_bos
 .rodata.str1.4
                0x1000835d       0x13 CMakeFiles/SwitchTimer.dir/home/jj/pico-sdk/src/rp2_common/pico_stdio_usb/stdio_usb.c.o
 *fill*         0x1000835d        0x3 
 .rodata.__bi_197.0
                0x10008360        0xc CMakeFiles/SwitchTimer.dir/home/jj/pico-sdk/src/rp2_common/pico_stdio_usb/stdio_usb.c.o
 .rodata.str1.4
                0x1000836c       0x2a CMakeFiles/SwitchTimer.dir/home/jj/pico-sdk/src/rp2_common/pico_stdio_usb/stdio_usb_descriptors.c.o
 .rodata.usbd_desc_str
                0x1000836c       0x18 CMakeFiles/SwitchTimer.dir/home/jj/pico-sdk/src/rp2_common/pico_stdio_usb/stdio_usb_descriptors.c.o
 .rodata.usbd_desc_cfg
                0x10008384       0x54 CMakeFiles/SwitchTimer.dir/home/jj/pico-sdk/src/rp2_common/pico_stdio_usb/stdio_usb_descriptors.c.o
 .rodata.usbd_desc_device
                0x100083d8       0x12 CMakeFiles/SwitchTimer.dir/home/jj/pico-sdk/src/rp2_common/pico_stdio_usb/stdio_usb_descriptors.c.o
 .rodata.str1.4
                0x100083ea       0x14 CMakeFiles/SwitchTimer.dir/home/jj/pico-sdk/lib/tinyusb/src/portable/raspberrypi/rp2040/dcd_rp2040.c.o
 .rodata.str1.4
                0x100083ea       0x48 CMakeFiles/SwitchTimer.dir/home/jj/pico-sdk/lib/tinyusb/src/portable/raspberrypi/rp2040/rp2040_usb.c.o
 *fill*         0x100083ea        0x2 
 .rodata.tud_task_ext
                0x100083ec       0x8c CMakeFiles/SwitchTimer.dir/home/jj/pico-sdk/lib/tinyusb/src/device/usbd.c.o
 .rodata        0x10008478       0x1c CMakeFiles/SwitchTimer.dir/home/jj/pico-sdk/lib/tinyusb/src/device/usbd.c.o
 .rodata._usbd_driver
                0x10008494       0x40 CMakeFiles/SwitchTimer.dir/home/jj/pico-sdk/lib/tinyusb/src/device/usbd.c.o
                0x100084d4                        . = ALIGN (0x4)
 *(SORT_BY_ALIGNMENT(SORT_BY_NAME(.flashdata*)))
                0x100084d4                        . = ALIGN (0x4)

.ARM.extab
 *(.ARM.extab* .gnu.linkonce.armextab.*)
                0x100084d4                        __exidx_start = .

.ARM.exidx
 *(.ARM.exidx* .gnu.linkonce.armexidx.*)
                0x100084d4                        __exidx_end = .
                0x100084d4                        . = ALIGN (0x4)
                0x100084d4                        __binary_info_start = .

.binary_info    0x100084d4       0x24
 *(.binary_info.keep.*)
 .binary_info.keep.__bi_ptr294
                0x100084d4        0x4 CMakeFiles/SwitchTimer.dir/src/main.cpp.o
 .binary_info.keep.__bi_ptr84
                0x100084d8        0x4 CMakeFiles/SwitchTimer.dir/home/jj/pico-sdk/src/rp2_common/pico_standard_binary_info/standard_binary_info.c.o
 .binary_info.keep.__bi_ptr78
                0x100084dc        0x4 CMakeFiles/SwitchTimer.dir/home/jj/pico-sdk/src/rp2_common/pico_standard_binary_info/standard_binary_info.c.o
 .binary_info.keep.__bi_ptr54
                0x100084e0        0x4 CMakeFiles/SwitchTimer.dir/home/jj/pico-sdk/src/rp2_common/pico_standard_binary_info/standard_binary_info.c.o
 .binary_info.keep.__bi_ptr48
                0x100084e4        0x4 CMakeFiles/SwitchTimer.dir/home/jj/pico-sdk/src/rp2_common/pico_standard_binary_info/standard_binary_info.c.o
 .binary_info.keep.__bi_ptr42
                0x100084e8        0x4 CMakeFiles/SwitchTimer.dir/home/jj/pico-sdk/src/rp2_common/pico_standard_binary_info/standard_binary_info.c.o
 .binary_info.keep.__bi_ptr34
                0x100084ec        0x4 CMakeFiles/SwitchTimer.dir/home/jj/pico-sdk/src/rp2_common/pico_standard_binary_info/standard_binary_info.c.o
 .binary_info.keep.__bi_ptr26
                0x100084f0        0x4 CMakeFiles/SwitchTimer.dir/home/jj/pico-sdk/src/rp2_common/pico_standard_binary_info/standard_binary_info.c.o
 *(.binary_info.*)
 .binary_info.__bi_ptr197
                0x100084f4        0x4 CMakeFiles/SwitchTimer.dir/home/jj/pico-sdk/src/rp2_common/pico_stdio_usb/stdio_usb.c.o
                0x100084f8                        __binary_info_end = .

.rel.dyn        0x100084f8        0x0
 .rel.iplt      0x100084f8        0x0 /usr/lib/gcc/arm-none-eabi/14.2.0/thumb/v6-m/nofp/crtbegin.o
                0x100084f8                        . = ALIGN (0x4)

.ram_vector_table
                0x20000000       0xc0
 *(.ram_vector_table)
 .ram_vector_table
                0x20000000       0xc0 CMakeFiles/SwitchTimer.dir/home/jj/pico-sdk/src/rp2_common/pico_runtime_init/runtime_init.c.o
                0x20000000                ram_vector_table

.uninitialized_data
                0x200000c0        0x0
                0x200000c0                        . = ALIGN (0x4)
 *(.uninitialized_data*)

.data           0x200000c0      0xffc load address 0x100084f8
                0x200000c0                        __data_start__ = .
 *(vtable)
 *(.time_critical*)
 .time_critical.mutex_try_enter
                0x200000c0       0x40 CMakeFiles/SwitchTimer.dir/home/jj/pico-sdk/src/common/pico_sync/mutex.c.o
                0x200000c0                mutex_try_enter
 .time_critical.mutex_try_enter_block_until
                0x20000100       0x98 CMakeFiles/SwitchTimer.dir/home/jj/pico-sdk/src/common/pico_sync/mutex.c.o
                0x20000100                mutex_try_enter_block_until
 .time_critical.mutex_enter_timeout_ms
                0x20000198       0x8c CMakeFiles/SwitchTimer.dir/home/jj/pico-sdk/src/common/pico_sync/mutex.c.o
                0x20000198                mutex_enter_timeout_ms
 .time_critical.mutex_exit
                0x20000224       0x28 CMakeFiles/SwitchTimer.dir/home/jj/pico-sdk/src/common/pico_sync/mutex.c.o
                0x20000224                mutex_exit
 .time_critical.flash_init_boot2_copyout
                0x2000024c       0x30 CMakeFiles/SwitchTimer.dir/home/jj/pico-sdk/src/rp2_common/hardware_flash/flash.c.o
 .time_critical.flash_enable_xip_via_boot2
                0x2000027c        0xc CMakeFiles/SwitchTimer.dir/home/jj/pico-sdk/src/rp2_common/hardware_flash/flash.c.o
 .time_critical.flash_cs_force
                0x20000288       0x38 CMakeFiles/SwitchTimer.dir/home/jj/pico-sdk/src/rp2_common/hardware_flash/flash.c.o
 .time_critical.flash_do_cmd
                0x200002c0      0x130 CMakeFiles/SwitchTimer.dir/home/jj/pico-sdk/src/rp2_common/hardware_flash/flash.c.o
                0x200002c0                flash_do_cmd
 .time_critical.reset_non_control_endpoints
                0x200003f0       0x68 CMakeFiles/SwitchTimer.dir/home/jj/pico-sdk/lib/tinyusb/src/portable/raspberrypi/rp2040/dcd_rp2040.c.o
 .time_critical.hw_handle_buff_status
                0x20000458       0xb8 CMakeFiles/SwitchTimer.dir/home/jj/pico-sdk/lib/tinyusb/src/portable/raspberrypi/rp2040/dcd_rp2040.c.o
 .time_critical.dcd_rp2040_irq
                0x20000510      0x574 CMakeFiles/SwitchTimer.dir/home/jj/pico-sdk/lib/tinyusb/src/portable/raspberrypi/rp2040/dcd_rp2040.c.o
 .time_critical.prepare_ep_buffer
                0x20000a84       0xc8 CMakeFiles/SwitchTimer.dir/home/jj/pico-sdk/lib/tinyusb/src/portable/raspberrypi/rp2040/rp2040_usb.c.o
 .time_critical.sync_ep_buffer
                0x20000b4c       0x9c CMakeFiles/SwitchTimer.dir/home/jj/pico-sdk/lib/tinyusb/src/portable/raspberrypi/rp2040/rp2040_usb.c.o
 .time_critical._hw_endpoint_xfer_sync
                0x20000be8       0x28 CMakeFiles/SwitchTimer.dir/home/jj/pico-sdk/lib/tinyusb/src/portable/raspberrypi/rp2040/rp2040_usb.c.o
 .time_critical.e15_is_bulkin_ep
                0x20000c10       0x28 CMakeFiles/SwitchTimer.dir/home/jj/pico-sdk/lib/tinyusb/src/portable/raspberrypi/rp2040/rp2040_usb.c.o
 .time_critical.e15_is_critical_frame_period
                0x20000c38       0x34 CMakeFiles/SwitchTimer.dir/home/jj/pico-sdk/lib/tinyusb/src/portable/raspberrypi/rp2040/rp2040_usb.c.o
 .time_critical.hw_endpoint_reset_transfer
                0x20000c6c        0xc CMakeFiles/SwitchTimer.dir/home/jj/pico-sdk/lib/tinyusb/src/portable/raspberrypi/rp2040/rp2040_usb.c.o
                0x20000c6c                hw_endpoint_reset_transfer
 .time_critical._hw_endpoint_buffer_control_update32
                0x20000c78       0x50 CMakeFiles/SwitchTimer.dir/home/jj/pico-sdk/lib/tinyusb/src/portable/raspberrypi/rp2040/rp2040_usb.c.o
                0x20000c78                _hw_endpoint_buffer_control_update32
 .time_critical.hw_endpoint_start_next_buffer
                0x20000cc8       0x68 CMakeFiles/SwitchTimer.dir/home/jj/pico-sdk/lib/tinyusb/src/portable/raspberrypi/rp2040/rp2040_usb.c.o
                0x20000cc8                hw_endpoint_start_next_buffer
 .time_critical.hw_endpoint_xfer_continue
                0x20000d30       0x40 CMakeFiles/SwitchTimer.dir/home/jj/pico-sdk/lib/tinyusb/src/portable/raspberrypi/rp2040/rp2040_usb.c.o
                0x20000d30                hw_endpoint_xfer_continue
 .time_critical.tinyusb
                0x20000d70      0x1e4 CMakeFiles/SwitchTimer.dir/home/jj/pico-sdk/lib/tinyusb/src/device/usbd.c.o
                0x20000d70                dcd_event_handler
 *(.text*)
 .text          0x20000f54        0x4 /usr/lib/gcc/arm-none-eabi/14.2.0/thumb/v6-m/nofp/libgcc.a(_dvmd_tls.o)
                0x20000f54                __aeabi_ldiv0
                0x20000f54                __aeabi_idiv0
 .text.__stub   0x20000f58       0x80 linker stubs
                0x20000fd8                        . = ALIGN (0x4)
 *(.rodata*)
                0x20000fd8                        . = ALIGN (0x4)
 *(.data*)
 .data.old_state
                0x20000fd8        0x1 CMakeFiles/SwitchTimer.dir/src/main.cpp.o
                0x20000fd8                old_state
 *fill*         0x20000fd9        0x3 
 .data.next_value
                0x20000fdc        0x4 CMakeFiles/SwitchTimer.dir/src/main.cpp.o
                0x20000fdc                next_value
 .data.striped_spin_lock_num
                0x20000fe0        0x1 CMakeFiles/SwitchTimer.dir/home/jj/pico-sdk/src/rp2_common/hardware_sync/sync.c.o
 *fill*         0x20000fe1        0x3 
 .data          0x20000fe4       0x48 CMakeFiles/SwitchTimer.dir/home/jj/pico-sdk/src/rp2_common/hardware_irq/irq_handler_chain.S.o
                0x20000fe4                irq_handler_chain_slots
                0x20001014                irq_handler_chain_first_slot
                0x2000101e                irq_handler_chain_remove_tail
 .data.default_alarm_pool
                0x2000102c       0x18 CMakeFiles/SwitchTimer.dir/home/jj/pico-sdk/src/common/pico_time/time.c.o
 *fill*         0x20001044        0xc 
 .data.aeabi_bits_funcs
                0x20001050       0x10 CMakeFiles/SwitchTimer.dir/home/jj/pico-sdk/src/rp2_common/pico_bit_ops/bit_ops_aeabi.S.o
                0x20001050                aeabi_bits_funcs
                0x20001060                aeabi_bits_funcs_end
 .data.aeabi_mem_funcs
                0x20001060       0x10 CMakeFiles/SwitchTimer.dir/home/jj/pico-sdk/src/rp2_common/pico_mem_ops/mem_ops_aeabi.S.o
                0x20001060                aeabi_mem_funcs
                0x20001070                aeabi_mem_funcs_end
 .data.stdio_usb
                0x20001070       0x18 CMakeFiles/SwitchTimer.dir/home/jj/pico-sdk/src/rp2_common/pico_stdio_usb/stdio_usb.c.o
                0x20001070                stdio_usb
 .data._usbd_qdef
                0x20001088       0x1c CMakeFiles/SwitchTimer.dir/home/jj/pico-sdk/lib/tinyusb/src/device/usbd.c.o
                0x20001088                _usbd_qdef
 .data._usbd_rhport
                0x200010a4        0x1 CMakeFiles/SwitchTimer.dir/home/jj/pico-sdk/lib/tinyusb/src/device/usbd.c.o
 *fill*         0x200010a5        0x3 
 .data.i2c0_inst
                0x200010a8        0x8 CMakeFiles/SwitchTimer.dir/home/jj/pico-sdk/src/rp2_common/hardware_i2c/i2c.c.o
                0x200010a8                i2c0_inst
 .data.__atexit_recursive_mutex
                0x200010b0        0x4 /usr/lib/gcc/arm-none-eabi/14.2.0/../../../../arm-none-eabi/lib/thumb/v6-m/nofp/libg.a(libc_a-__call_atexit.o)
                0x200010b0                __atexit_recursive_mutex
                0x200010b4                        . = ALIGN (0x4)
 *(.after_data.*)
                0x200010b4                        . = ALIGN (0x4)
                0x200010b4                        PROVIDE (__mutex_array_start = .)
 *(SORT_BY_NAME(.mutex_array.*))
 *(.mutex_array)
 .mutex_array   0x200010b4        0x8 CMakeFiles/SwitchTimer.dir/home/jj/pico-sdk/src/rp2_common/pico_stdio/stdio.c.o
                0x200010bc                        PROVIDE (__mutex_array_end = .)
                0x200010bc                        . = ALIGN (0x4)
 *(.jcr)
                0x200010bc                        . = ALIGN (0x4)

.igot.plt       0x200010bc        0x0 load address 0x100094f4
 .igot.plt      0x200010bc        0x0 /usr/lib/gcc/arm-none-eabi/14.2.0/thumb/v6-m/nofp/crtbegin.o

.tdata          0x200010bc        0x0 load address 0x100094f4
                0x200010bc                        . = ALIGN (0x4)
 *(.tdata .tdata.* .gnu.linkonce.td.*)
                0x200010bc                        __tdata_end = .
                0x200010bc                        PROVIDE (__data_end__ = .)
                0x100084f8                        __etext = LOADADDR (.data)

.tbss           0x200010bc        0x0 load address 0x100094f4
                0x200010bc                        . = ALIGN (0x4)
                0x200010bc                        __bss_start__ = .
                0x200010bc                        __tls_base = .
 *(.tbss .tbss.* .gnu.linkonce.tb.*)
 *(.tcommon)
                0x200010bc                        __tls_end = .

.bss            0x200010c0     0x1230 load address 0x100094f4
                0x200010c0                        . = ALIGN (0x4)
                0x200010c0                        __tbss_end = .
 *(SORT_BY_ALIGNMENT(SORT_BY_NAME(.bss*)))
 .bss.default_alarm_pool_entries
                0x200010c0      0x180 CMakeFiles/SwitchTimer.dir/home/jj/pico-sdk/src/common/pico_time/time.c.o
 .bss.last_avail_time.1
                0x20001240        0x8 CMakeFiles/SwitchTimer.dir/home/jj/pico-sdk/src/rp2_common/pico_stdio_usb/stdio_usb.c.o
 .bss.sd_table  0x20001248      0x100 CMakeFiles/SwitchTimer.dir/home/jj/pico-sdk/src/rp2_common/pico_double/double_init_rom_rp2040.c.o
                0x20001248                sd_table
 .bss.sf_table  0x20001348      0x100 CMakeFiles/SwitchTimer.dir/home/jj/pico-sdk/src/rp2_common/pico_float/float_init_rom_rp2040.c.o
                0x20001348                sf_table
 .bss.__atexit  0x20001448        0x4 /usr/lib/gcc/arm-none-eabi/14.2.0/../../../../arm-none-eabi/lib/thumb/v6-m/nofp/libg.a(libc_a-__call_atexit.o)
                0x20001448                __atexit
 .bss.__atexit0
                0x2000144c      0x190 /usr/lib/gcc/arm-none-eabi/14.2.0/../../../../arm-none-eabi/lib/thumb/v6-m/nofp/libg.a(libc_a-__atexit.o)
                0x2000144c                __atexit0
 .bss.__lock___atexit_recursive_mutex
                0x200015dc        0x1 /usr/lib/gcc/arm-none-eabi/14.2.0/../../../../arm-none-eabi/lib/thumb/v6-m/nofp/libg.a(libc_a-lock.o)
                0x200015dc                __lock___atexit_recursive_mutex
 *fill*         0x200015dd        0x3 
 .bss._app_driver
                0x200015e0        0x4 CMakeFiles/SwitchTimer.dir/home/jj/pico-sdk/lib/tinyusb/src/device/usbd.c.o
 .bss._cdcd_fifo_cfg
                0x200015e4        0x1 CMakeFiles/SwitchTimer.dir/home/jj/pico-sdk/lib/tinyusb/src/class/cdc/cdc_device.c.o
 *fill*         0x200015e5        0x3 
 .bss._cdcd_itf
                0x200015e8      0x2c8 CMakeFiles/SwitchTimer.dir/home/jj/pico-sdk/lib/tinyusb/src/class/cdc/cdc_device.c.o
 .bss._ctrl_xfer
                0x200018b0       0x14 CMakeFiles/SwitchTimer.dir/home/jj/pico-sdk/lib/tinyusb/src/device/usbd_control.c.o
 .bss._ubsd_mutexdef
                0x200018c4        0x8 CMakeFiles/SwitchTimer.dir/home/jj/pico-sdk/lib/tinyusb/src/device/usbd.c.o
 .bss._usbd_ctrl_buf
                0x200018cc       0x40 CMakeFiles/SwitchTimer.dir/home/jj/pico-sdk/lib/tinyusb/src/device/usbd_control.c.o
 .bss._usbd_dev
                0x2000190c       0x54 CMakeFiles/SwitchTimer.dir/home/jj/pico-sdk/lib/tinyusb/src/device/usbd.c.o
 .bss._usbd_mutex
                0x20001960        0x4 CMakeFiles/SwitchTimer.dir/home/jj/pico-sdk/lib/tinyusb/src/device/usbd.c.o
 .bss._usbd_q   0x20001964        0x4 CMakeFiles/SwitchTimer.dir/home/jj/pico-sdk/lib/tinyusb/src/device/usbd.c.o
 .bss._usbd_qdef_buf
                0x20001968       0xc0 CMakeFiles/SwitchTimer.dir/home/jj/pico-sdk/lib/tinyusb/src/device/usbd.c.o
                0x20001968                _usbd_qdef_buf
 .bss._vendord_itf
                0x20001a28      0x2cc CMakeFiles/SwitchTimer.dir/home/jj/pico-sdk/lib/tinyusb/src/class/vendor/vendor_device.c.o
 .bss.boot2_copyout
                0x20001cf4      0x100 CMakeFiles/SwitchTimer.dir/home/jj/pico-sdk/src/rp2_common/hardware_flash/flash.c.o
 .bss.callbacks
                0x20001df4        0x8 CMakeFiles/SwitchTimer.dir/home/jj/pico-sdk/src/rp2_common/hardware_gpio/gpio.c.o
 .bss.chars_available_callback
                0x20001dfc        0x4 CMakeFiles/SwitchTimer.dir/home/jj/pico-sdk/src/rp2_common/pico_stdio_usb/stdio_usb.c.o
 .bss.chars_available_param
                0x20001e00        0x4 CMakeFiles/SwitchTimer.dir/home/jj/pico-sdk/src/rp2_common/pico_stdio_usb/stdio_usb.c.o
 .bss.claimed   0x20001e04        0x4 CMakeFiles/SwitchTimer.dir/home/jj/pico-sdk/src/rp2_common/hardware_sync/sync.c.o
 .bss.claimed   0x20001e08        0x1 CMakeFiles/SwitchTimer.dir/home/jj/pico-sdk/src/rp2_common/hardware_timer/timer.c.o
 *fill*         0x20001e09        0x3 
 .bss.configured_freq
                0x20001e0c       0x28 CMakeFiles/SwitchTimer.dir/home/jj/pico-sdk/src/rp2_common/hardware_clocks/clocks.c.o
 .bss.desc_str.0
                0x20001e34       0x28 CMakeFiles/SwitchTimer.dir/home/jj/pico-sdk/src/rp2_common/pico_stdio_usb/stdio_usb_descriptors.c.o
 .bss.drivers   0x20001e5c        0x4 CMakeFiles/SwitchTimer.dir/home/jj/pico-sdk/src/rp2_common/pico_stdio/stdio.c.o
 .bss.e15_last_sof
                0x20001e60        0x4 CMakeFiles/SwitchTimer.dir/home/jj/pico-sdk/lib/tinyusb/src/portable/raspberrypi/rp2040/rp2040_usb.c.o
                0x20001e60                e15_last_sof
 .bss.filter    0x20001e64        0x4 CMakeFiles/SwitchTimer.dir/home/jj/pico-sdk/src/rp2_common/pico_stdio/stdio.c.o
 .bss.hw_endpoints
                0x20001e68      0x400 CMakeFiles/SwitchTimer.dir/home/jj/pico-sdk/lib/tinyusb/src/portable/raspberrypi/rp2040/dcd_rp2040.c.o
 .bss.lazy_vsnprintf
                0x20002268        0x4 CMakeFiles/SwitchTimer.dir/home/jj/pico-sdk/src/rp2_common/pico_printf/printf.c.o
 .bss.load_value
                0x2000226c        0x4 CMakeFiles/SwitchTimer.dir/home/jj/pico-sdk/src/rp2_common/hardware_watchdog/watchdog.c.o
 .bss.next_buffer_ptr
                0x20002270        0x4 CMakeFiles/SwitchTimer.dir/home/jj/pico-sdk/lib/tinyusb/src/portable/raspberrypi/rp2040/dcd_rp2040.c.o
 .bss.object.0  0x20002274       0x18 /usr/lib/gcc/arm-none-eabi/14.2.0/thumb/v6-m/nofp/crtbegin.o
 .bss.old_time  0x2000228c        0x4 CMakeFiles/SwitchTimer.dir/src/main.cpp.o
                0x2000228c                old_time
 .bss.one_shot_timer_crit_sec
                0x20002290        0x8 CMakeFiles/SwitchTimer.dir/home/jj/pico-sdk/src/rp2_common/pico_stdio_usb/stdio_usb.c.o
 .bss.pools     0x20002298       0x10 CMakeFiles/SwitchTimer.dir/home/jj/pico-sdk/src/common/pico_time/time.c.o
 .bss.raw_irq_mask
                0x200022a8        0x8 CMakeFiles/SwitchTimer.dir/home/jj/pico-sdk/src/rp2_common/hardware_gpio/gpio.c.o
 .bss.retrieved_id
                0x200022b0        0x8 CMakeFiles/SwitchTimer.dir/home/jj/pico-sdk/src/rp2_common/pico_unique_id/unique_id.c.o
 .bss.sf_clz_func
                0x200022b8        0x4 CMakeFiles/SwitchTimer.dir/home/jj/pico-sdk/src/rp2_common/pico_double/double_init_rom_rp2040.c.o
                0x200022b8                sf_clz_func
 .bss.sleep_notifier
                0x200022bc        0x4 CMakeFiles/SwitchTimer.dir/home/jj/pico-sdk/src/common/pico_time/time.c.o
 .bss.stdio_usb_mutex
                0x200022c0        0x8 CMakeFiles/SwitchTimer.dir/home/jj/pico-sdk/src/rp2_common/pico_stdio_usb/stdio_usb.c.o
 .bss.tDown     0x200022c8        0x4 CMakeFiles/SwitchTimer.dir/src/main.cpp.o
                0x200022c8                tDown
 .bss.tUp       0x200022cc        0x4 CMakeFiles/SwitchTimer.dir/src/main.cpp.o
                0x200022cc                tUp
 .bss.usbd_serial_str
                0x200022d0       0x11 CMakeFiles/SwitchTimer.dir/home/jj/pico-sdk/src/rp2_common/pico_stdio_usb/stdio_usb_descriptors.c.o
 .bss._app_driver_count
                0x200022e1        0x1 CMakeFiles/SwitchTimer.dir/home/jj/pico-sdk/lib/tinyusb/src/device/usbd.c.o
 .bss._sof_enable
                0x200022e2        0x1 CMakeFiles/SwitchTimer.dir/home/jj/pico-sdk/lib/tinyusb/src/portable/raspberrypi/rp2040/dcd_rp2040.c.o
 .bss._usbd_queued_setup
                0x200022e3        0x1 CMakeFiles/SwitchTimer.dir/home/jj/pico-sdk/lib/tinyusb/src/device/usbd.c.o
 .bss.boot2_copyout_valid
                0x200022e4        0x1 CMakeFiles/SwitchTimer.dir/home/jj/pico-sdk/src/rp2_common/hardware_flash/flash.c.o
 .bss.cursor    0x200022e5        0x1 CMakeFiles/SwitchTimer.dir/src/main.cpp.o
                0x200022e5                cursor
 .bss.hours     0x200022e6        0x1 CMakeFiles/SwitchTimer.dir/src/main.cpp.o
                0x200022e6                hours
 .bss.irq_handler_chain_free_slot_head
                0x200022e7        0x1 CMakeFiles/SwitchTimer.dir/home/jj/pico-sdk/src/rp2_common/hardware_irq/irq.c.o
 .bss.itf_num   0x200022e8        0x1 CMakeFiles/SwitchTimer.dir/home/jj/pico-sdk/src/rp2_common/pico_stdio_usb/reset_interface.c.o
 .bss.low_priority_irq_num
                0x200022e9        0x1 CMakeFiles/SwitchTimer.dir/home/jj/pico-sdk/src/rp2_common/pico_stdio_usb/stdio_usb.c.o
 .bss.minutes   0x200022ea        0x1 CMakeFiles/SwitchTimer.dir/src/main.cpp.o
                0x200022ea                minutes
 .bss.one_shot_timer_pending
                0x200022eb        0x1 CMakeFiles/SwitchTimer.dir/home/jj/pico-sdk/src/rp2_common/pico_stdio_usb/stdio_usb.c.o
 .bss.running   0x200022ec        0x1 CMakeFiles/SwitchTimer.dir/src/main.cpp.o
                0x200022ec                running
 .bss.seconds   0x200022ed        0x1 CMakeFiles/SwitchTimer.dir/src/main.cpp.o
                0x200022ed                seconds
 .bss.update_lcd
                0x200022ee        0x1 CMakeFiles/SwitchTimer.dir/src/main.cpp.o
                0x200022ee                update_lcd
 .bss.user_irq_claimed
                0x200022ef        0x1 CMakeFiles/SwitchTimer.dir/home/jj/pico-sdk/src/rp2_common/hardware_irq/irq.c.o
 *(COMMON)
                0x200022f0                        . = ALIGN (0x4)
                0x200022f0                        __bss_end__ = .

.heap           0x200022f0      0x800 load address 0x100094f4
                0x200022f0                        __end__ = .
                0x200022f0                        end = __end__
 *(.heap*)
 .heap          0x200022f0      0x800 CMakeFiles/SwitchTimer.dir/home/jj/pico-sdk/src/rp2_common/pico_crt0/crt0.S.o
                0x20040000                        __HeapLimit = (ORIGIN (RAM) + LENGTH (RAM))

.scratch_x      0x20040000        0x0 load address 0x100094f4
                0x20040000                        __scratch_x_start__ = .
 *(.scratch_x.*)
                0x20040000                        . = ALIGN (0x4)
                0x20040000                        __scratch_x_end__ = .
                0x100094f4                        __scratch_x_source__ = LOADADDR (.scratch_x)

.scratch_y      0x20041000        0x0 load address 0x100094f4
                0x20041000                        __scratch_y_start__ = .
 *(.scratch_y.*)
                0x20041000                        . = ALIGN (0x4)
                0x20041000                        __scratch_y_end__ = .
                0x100094f4                        __scratch_y_source__ = LOADADDR (.scratch_y)

.stack1_dummy
 *(.stack1*)

.stack_dummy    0x20041000      0x800
 *(.stack*)
 .stack         0x20041000      0x800 CMakeFiles/SwitchTimer.dir/home/jj/pico-sdk/src/rp2_common/pico_crt0/crt0.S.o

.flash_end      0x100094f4        0x0
 *(.embedded_end_block*)
                0x100094f4                        PROVIDE (__flash_binary_end = .)
                0x20040000                        __StackLimit = (ORIGIN (RAM) + LENGTH (RAM))
                0x20041000                        __StackOneTop = (ORIGIN (SCRATCH_X) + LENGTH (SCRATCH_X))
                0x20042000                        __StackTop = (ORIGIN (SCRATCH_Y) + LENGTH (SCRATCH_Y))
                0x20041000                        __StackOneBottom = (__StackOneTop - SIZEOF (.stack1_dummy))
                0x20041800                        __StackBottom = (__StackTop - SIZEOF (.stack_dummy))
                0x20042000                        PROVIDE (__stack = __StackTop)
                [!provide]                        PROVIDE (__heap_start = __end__)
                [!provide]                        PROVIDE (__heap_end = __HeapLimit)
                [!provide]                        PROVIDE (__tls_align = MAX (ALIGNOF (.tdata), ALIGNOF (.tbss)))
                [!provide]                        PROVIDE (__tls_size_align = (((__tls_size + __tls_align) - 0x1) & ~ ((__tls_align - 0x1))))
                [!provide]                        PROVIDE (__arm32_tls_tcb_offset = MAX (0x8, __tls_align))
                [!provide]                        PROVIDE (_end = __end__)
                [!provide]                        PROVIDE (__llvm_libc_heap_limit = __HeapLimit)
                0x00000001                        ASSERT ((__StackLimit >= __HeapLimit), region RAM overflowed)
                0x00000001                        ASSERT (((__binary_info_header_end - __logical_binary_start) <= 0x100), Binary info must be in first 256 bytes of the binary)
LOAD CMakeFiles/SwitchTimer.dir/src/main.cpp.o
LOAD CMakeFiles/SwitchTimer.dir/home/jj/pico-sdk/src/rp2_common/pico_stdlib/stdlib.c.o
LOAD CMakeFiles/SwitchTimer.dir/home/jj/pico-sdk/src/rp2_common/hardware_gpio/gpio.c.o
LOAD CMakeFiles/SwitchTimer.dir/home/jj/pico-sdk/src/rp2040/pico_platform/platform.c.o
LOAD CMakeFiles/SwitchTimer.dir/home/jj/pico-sdk/src/rp2_common/pico_platform_panic/panic.c.o
LOAD CMakeFiles/SwitchTimer.dir/home/jj/pico-sdk/src/common/hardware_claim/claim.c.o
LOAD CMakeFiles/SwitchTimer.dir/home/jj/pico-sdk/src/rp2_common/hardware_sync/sync.c.o
LOAD CMakeFiles/SwitchTimer.dir/home/jj/pico-sdk/src/rp2_common/hardware_sync_spin_lock/sync_spin_lock.c.o
LOAD CMakeFiles/SwitchTimer.dir/home/jj/pico-sdk/src/rp2_common/hardware_irq/irq.c.o
LOAD CMakeFiles/SwitchTimer.dir/home/jj/pico-sdk/src/rp2_common/hardware_irq/irq_handler_chain.S.o
LOAD CMakeFiles/SwitchTimer.dir/home/jj/pico-sdk/src/common/pico_sync/sem.c.o
LOAD CMakeFiles/SwitchTimer.dir/home/jj/pico-sdk/src/common/pico_sync/lock_core.c.o
LOAD CMakeFiles/SwitchTimer.dir/home/jj/pico-sdk/src/common/pico_sync/mutex.c.o
LOAD CMakeFiles/SwitchTimer.dir/home/jj/pico-sdk/src/common/pico_sync/critical_section.c.o
LOAD CMakeFiles/SwitchTimer.dir/home/jj/pico-sdk/src/common/pico_time/time.c.o
LOAD CMakeFiles/SwitchTimer.dir/home/jj/pico-sdk/src/common/pico_time/timeout_helper.c.o
LOAD CMakeFiles/SwitchTimer.dir/home/jj/pico-sdk/src/rp2_common/hardware_timer/timer.c.o
LOAD CMakeFiles/SwitchTimer.dir/home/jj/pico-sdk/src/common/pico_util/datetime.c.o
LOAD CMakeFiles/SwitchTimer.dir/home/jj/pico-sdk/src/common/pico_util/pheap.c.o
LOAD CMakeFiles/SwitchTimer.dir/home/jj/pico-sdk/src/common/pico_util/queue.c.o
LOAD CMakeFiles/SwitchTimer.dir/home/jj/pico-sdk/src/rp2_common/hardware_uart/uart.c.o
LOAD CMakeFiles/SwitchTimer.dir/home/jj/pico-sdk/src/rp2_common/hardware_clocks/clocks.c.o
LOAD CMakeFiles/SwitchTimer.dir/home/jj/pico-sdk/src/rp2_common/hardware_pll/pll.c.o
LOAD CMakeFiles/SwitchTimer.dir/home/jj/pico-sdk/src/rp2_common/hardware_vreg/vreg.c.o
LOAD CMakeFiles/SwitchTimer.dir/home/jj/pico-sdk/src/rp2_common/hardware_watchdog/watchdog.c.o
LOAD CMakeFiles/SwitchTimer.dir/home/jj/pico-sdk/src/rp2_common/hardware_ticks/ticks.c.o
LOAD CMakeFiles/SwitchTimer.dir/home/jj/pico-sdk/src/rp2_common/pico_bootrom/bootrom.c.o
LOAD CMakeFiles/SwitchTimer.dir/home/jj/pico-sdk/src/rp2_common/pico_bootrom/bootrom_lock.c.o
LOAD CMakeFiles/SwitchTimer.dir/home/jj/pico-sdk/src/rp2_common/hardware_boot_lock/boot_lock.c.o
LOAD CMakeFiles/SwitchTimer.dir/home/jj/pico-sdk/src/rp2_common/pico_flash/flash.c.o
LOAD CMakeFiles/SwitchTimer.dir/home/jj/pico-sdk/src/rp2_common/hardware_xosc/xosc.c.o
LOAD CMakeFiles/SwitchTimer.dir/home/jj/pico-sdk/src/rp2_common/hardware_divider/divider.S.o
LOAD CMakeFiles/SwitchTimer.dir/home/jj/pico-sdk/src/rp2_common/pico_runtime/runtime.c.o
LOAD CMakeFiles/SwitchTimer.dir/home/jj/pico-sdk/src/rp2_common/pico_runtime_init/runtime_init.c.o
LOAD CMakeFiles/SwitchTimer.dir/home/jj/pico-sdk/src/rp2_common/pico_runtime_init/runtime_init_clocks.c.o
LOAD CMakeFiles/SwitchTimer.dir/home/jj/pico-sdk/src/rp2_common/pico_runtime_init/runtime_init_stack_guard.c.o
LOAD CMakeFiles/SwitchTimer.dir/home/jj/pico-sdk/src/rp2_common/pico_bit_ops/bit_ops_aeabi.S.o
LOAD CMakeFiles/SwitchTimer.dir/home/jj/pico-sdk/src/rp2_common/pico_divider/divider_hardware.S.o
LOAD CMakeFiles/SwitchTimer.dir/home/jj/pico-sdk/src/rp2_common/pico_double/double_aeabi_rp2040.S.o
LOAD CMakeFiles/SwitchTimer.dir/home/jj/pico-sdk/src/rp2_common/pico_double/double_init_rom_rp2040.c.o
LOAD CMakeFiles/SwitchTimer.dir/home/jj/pico-sdk/src/rp2_common/pico_double/double_math.c.o
LOAD CMakeFiles/SwitchTimer.dir/home/jj/pico-sdk/src/rp2_common/pico_double/double_v1_rom_shim_rp2040.S.o
LOAD CMakeFiles/SwitchTimer.dir/home/jj/pico-sdk/src/rp2_common/pico_int64_ops/pico_int64_ops_aeabi.S.o
LOAD CMakeFiles/SwitchTimer.dir/home/jj/pico-sdk/src/rp2_common/pico_float/float_aeabi_rp2040.S.o
LOAD CMakeFiles/SwitchTimer.dir/home/jj/pico-sdk/src/rp2_common/pico_float/float_init_rom_rp2040.c.o
LOAD CMakeFiles/SwitchTimer.dir/home/jj/pico-sdk/src/rp2_common/pico_float/float_math.c.o
LOAD CMakeFiles/SwitchTimer.dir/home/jj/pico-sdk/src/rp2_common/pico_float/float_v1_rom_shim_rp2040.S.o
LOAD CMakeFiles/SwitchTimer.dir/home/jj/pico-sdk/src/rp2_common/pico_malloc/malloc.c.o
LOAD CMakeFiles/SwitchTimer.dir/home/jj/pico-sdk/src/rp2_common/pico_mem_ops/mem_ops_aeabi.S.o
LOAD CMakeFiles/SwitchTimer.dir/home/jj/pico-sdk/src/rp2_common/pico_atomic/atomic.c.o
LOAD CMakeFiles/SwitchTimer.dir/home/jj/pico-sdk/src/rp2_common/pico_cxx_options/new_delete.cpp.o
LOAD CMakeFiles/SwitchTimer.dir/home/jj/pico-sdk/src/rp2_common/pico_standard_binary_info/standard_binary_info.c.o
LOAD CMakeFiles/SwitchTimer.dir/home/jj/pico-sdk/src/rp2_common/pico_printf/printf.c.o
LOAD CMakeFiles/SwitchTimer.dir/home/jj/pico-sdk/src/rp2_common/pico_crt0/crt0.S.o
LOAD CMakeFiles/SwitchTimer.dir/home/jj/pico-sdk/src/rp2_common/pico_clib_interface/newlib_interface.c.o
LOAD CMakeFiles/SwitchTimer.dir/home/jj/pico-sdk/src/rp2_common/pico_stdio/stdio.c.o
LOAD CMakeFiles/SwitchTimer.dir/home/jj/pico-sdk/src/rp2_common/pico_stdio_usb/reset_interface.c.o
LOAD CMakeFiles/SwitchTimer.dir/home/jj/pico-sdk/src/rp2_common/pico_stdio_usb/stdio_usb.c.o
LOAD CMakeFiles/SwitchTimer.dir/home/jj/pico-sdk/src/rp2_common/pico_stdio_usb/stdio_usb_descriptors.c.o
LOAD CMakeFiles/SwitchTimer.dir/home/jj/pico-sdk/src/rp2_common/pico_unique_id/unique_id.c.o
LOAD CMakeFiles/SwitchTimer.dir/home/jj/pico-sdk/src/rp2_common/hardware_flash/flash.c.o
LOAD CMakeFiles/SwitchTimer.dir/home/jj/pico-sdk/src/rp2_common/hardware_xip_cache/xip_cache.c.o
LOAD CMakeFiles/SwitchTimer.dir/home/jj/pico-sdk/lib/tinyusb/src/portable/raspberrypi/rp2040/dcd_rp2040.c.o
LOAD CMakeFiles/SwitchTimer.dir/home/jj/pico-sdk/lib/tinyusb/src/portable/raspberrypi/rp2040/rp2040_usb.c.o
LOAD CMakeFiles/SwitchTimer.dir/home/jj/pico-sdk/lib/tinyusb/src/device/usbd.c.o
LOAD CMakeFiles/SwitchTimer.dir/home/jj/pico-sdk/lib/tinyusb/src/device/usbd_control.c.o
LOAD CMakeFiles/SwitchTimer.dir/home/jj/pico-sdk/lib/tinyusb/src/class/audio/audio_device.c.o
LOAD CMakeFiles/SwitchTimer.dir/home/jj/pico-sdk/lib/tinyusb/src/class/cdc/cdc_device.c.o
LOAD CMakeFiles/SwitchTimer.dir/home/jj/pico-sdk/lib/tinyusb/src/class/dfu/dfu_device.c.o
LOAD CMakeFiles/SwitchTimer.dir/home/jj/pico-sdk/lib/tinyusb/src/class/dfu/dfu_rt_device.c.o
LOAD CMakeFiles/SwitchTimer.dir/home/jj/pico-sdk/lib/tinyusb/src/class/hid/hid_device.c.o
LOAD CMakeFiles/SwitchTimer.dir/home/jj/pico-sdk/lib/tinyusb/src/class/midi/midi_device.c.o
LOAD CMakeFiles/SwitchTimer.dir/home/jj/pico-sdk/lib/tinyusb/src/class/msc/msc_device.c.o
LOAD CMakeFiles/SwitchTimer.dir/home/jj/pico-sdk/lib/tinyusb/src/class/net/ecm_rndis_device.c.o
LOAD CMakeFiles/SwitchTimer.dir/home/jj/pico-sdk/lib/tinyusb/src/class/net/ncm_device.c.o
LOAD CMakeFiles/SwitchTimer.dir/home/jj/pico-sdk/lib/tinyusb/src/class/usbtmc/usbtmc_device.c.o